Component: ARM Compiler 5.06 update 6 (build 750) Tool: armlink [4d35ed]

==============================================================================

Section Cross References

    main.o(i.PollRxBuff) refers to ringbuffer.o(i.ring_buff_pop) for ring_buff_pop
    main.o(i.PollRxBuff) refers to ringbuffer.o(i.ring_buff_available) for ring_buff_available
    main.o(i.PollRxBuff) refers to main.o(.bss) for ringbuff
    main.o(i.PollRxBuff) refers to main.o(.data) for byRxBufState
    main.o(i.UartCommandProcess) refers to nrf_log_frontend.o(i.nrf_log_frontend_std_1) for nrf_log_frontend_std_1
    main.o(i.UartCommandProcess) refers to nrf_log_frontend.o(i.nrf_log_frontend_std_2) for nrf_log_frontend_std_2
    main.o(i.UartCommandProcess) refers to main.o(.bss) for byRxBuffer2
    main.o(i.UartCommandProcess) refers to nrf_log_frontend.o(log_const_data) for m_nrf_log_app_logs_data_const
    main.o(i.UartCommandProcess) refers to nrf_log_frontend.o(i.nrf_log_frontend_std_0) for nrf_log_frontend_std_0
    main.o(i.add_handler) refers to main.o(.bss) for mem_handler
    main.o(i.advertising_init) refers to memseta.o(.text) for __aeabi_memclr4
    main.o(i.advertising_init) refers to ble_advertising.o(i.ble_advertising_init) for ble_advertising_init
    main.o(i.advertising_init) refers to app_error.o(i.app_error_handler_bare) for app_error_handler_bare
    main.o(i.advertising_init) refers to ble_advertising.o(i.ble_advertising_conn_cfg_tag_set) for ble_advertising_conn_cfg_tag_set
    main.o(i.advertising_init) refers to main.o(.data) for m_adv_uuids
    main.o(i.advertising_init) refers to main.o(i.on_adv_evt) for on_adv_evt
    main.o(i.advertising_init) refers to main.o(.bss) for m_advertising
    main.o(i.advertising_start) refers to ble_advertising.o(i.ble_advertising_start) for ble_advertising_start
    main.o(i.advertising_start) refers to app_error.o(i.app_error_handler_bare) for app_error_handler_bare
    main.o(i.advertising_start) refers to main.o(.bss) for m_advertising
    main.o(i.assert_nrf_callback) refers to app_error_handler_keil.o(.emb_text) for app_error_handler
    main.o(i.ble_evt_handler) refers to nrf_log_frontend.o(i.nrf_log_frontend_std_1) for nrf_log_frontend_std_1
    main.o(i.ble_evt_handler) refers to bsp.o(i.bsp_indication_set) for bsp_indication_set
    main.o(i.ble_evt_handler) refers to app_error.o(i.app_error_handler_bare) for app_error_handler_bare
    main.o(i.ble_evt_handler) refers to nrf_ble_qwr.o(i.nrf_ble_qwr_conn_handle_assign) for nrf_ble_qwr_conn_handle_assign
    main.o(i.ble_evt_handler) refers to main.o(i.add_handler) for add_handler
    main.o(i.ble_evt_handler) refers to main.o(i.advertising_start) for advertising_start
    main.o(i.ble_evt_handler) refers to main.o(i.remove_handler) for remove_handler
    main.o(i.ble_evt_handler) refers to nrf_log_frontend.o(log_const_data) for m_nrf_log_app_logs_data_const
    main.o(i.ble_evt_handler) refers to main.o(.data) for m_conn_handle
    main.o(i.ble_evt_handler) refers to main.o(.bss) for m_qwr
    main.o(i.ble_stack_init) refers to nrf_sdh.o(i.nrf_sdh_enable_request) for nrf_sdh_enable_request
    main.o(i.ble_stack_init) refers to app_error.o(i.app_error_handler_bare) for app_error_handler_bare
    main.o(i.ble_stack_init) refers to nrf_sdh_ble.o(i.nrf_sdh_ble_default_cfg_set) for nrf_sdh_ble_default_cfg_set
    main.o(i.ble_stack_init) refers to nrf_sdh_ble.o(i.nrf_sdh_ble_enable) for nrf_sdh_ble_enable
    main.o(i.bsp_event_handler) refers to main.o(i.sleep_mode_enter) for sleep_mode_enter
    main.o(i.bsp_event_handler) refers to app_error.o(i.app_error_handler_bare) for app_error_handler_bare
    main.o(i.bsp_event_handler) refers to ble_advertising.o(i.ble_advertising_restart_without_whitelist) for ble_advertising_restart_without_whitelist
    main.o(i.bsp_event_handler) refers to main.o(.data) for m_conn_handle
    main.o(i.bsp_event_handler) refers to main.o(.bss) for m_advertising
    main.o(i.buttons_leds_init) refers to bsp.o(i.bsp_init) for bsp_init
    main.o(i.buttons_leds_init) refers to app_error.o(i.app_error_handler_bare) for app_error_handler_bare
    main.o(i.buttons_leds_init) refers to bsp_btn_ble.o(i.bsp_btn_ble_init) for bsp_btn_ble_init
    main.o(i.buttons_leds_init) refers to main.o(i.bsp_event_handler) for bsp_event_handler
    main.o(i.conn_params_error_handler) refers to app_error.o(i.app_error_handler_bare) for app_error_handler_bare
    main.o(i.conn_params_init) refers to memseta.o(.text) for __aeabi_memclr4
    main.o(i.conn_params_init) refers to ble_conn_params.o(i.ble_conn_params_init) for ble_conn_params_init
    main.o(i.conn_params_init) refers to app_error.o(i.app_error_handler_bare) for app_error_handler_bare
    main.o(i.conn_params_init) refers to main.o(i.on_conn_params_evt) for on_conn_params_evt
    main.o(i.conn_params_init) refers to main.o(i.conn_params_error_handler) for conn_params_error_handler
[...]
    nrf_log_panic                            0x0002c979   Thumb Code    48  nrf_log_frontend.o(i.nrf_log_panic)
    nrf_log_std_entry_process                0x0002c9ad   Thumb Code   200  nrf_log_str_formatter.o(i.nrf_log_std_entry_process)
    nrf_memobj_alloc                         0x0002ca75   Thumb Code   122  nrf_memobj.o(i.nrf_memobj_alloc)
    nrf_memobj_free                          0x0002caef   Thumb Code    64  nrf_memobj.o(i.nrf_memobj_free)
    nrf_memobj_get                           0x0002cb2f   Thumb Code    16  nrf_memobj.o(i.nrf_memobj_get)
    nrf_memobj_pool_init                     0x0002cb3f   Thumb Code    12  nrf_memobj.o(i.nrf_memobj_pool_init)
    nrf_memobj_put                           0x0002cb4b   Thumb Code    30  nrf_memobj.o(i.nrf_memobj_put)
    nrf_memobj_read                          0x0002cb69   Thumb Code    34  nrf_memobj.o(i.nrf_memobj_read)
    nrf_memobj_write                         0x0002cb8b   Thumb Code    34  nrf_memobj.o(i.nrf_memobj_write)
    nrf_pwr_mgmt_init                        0x0002cbad   Thumb Code    46  nrf_pwr_mgmt.o(i.nrf_pwr_mgmt_init)
    nrf_pwr_mgmt_run                         0x0002cbed   Thumb Code   104  nrf_pwr_mgmt.o(i.nrf_pwr_mgmt_run)
    nrf_ringbuf_init                         0x0002cc69   Thumb Code    28  nrf_ringbuf.o(i.nrf_ringbuf_init)
    nrf_sdh_ble_app_ram_start_get            0x0002ccd1   Thumb Code    18  nrf_sdh_ble.o(i.nrf_sdh_ble_app_ram_start_get)
    nrf_sdh_ble_default_cfg_set              0x0002cce9   Thumb Code   380  nrf_sdh_ble.o(i.nrf_sdh_ble_default_cfg_set)
    nrf_sdh_ble_enable                       0x0002ce85   Thumb Code   144  nrf_sdh_ble.o(i.nrf_sdh_ble_enable)
    nrf_sdh_enable_request                   0x0002d045   Thumb Code   112  nrf_sdh.o(i.nrf_sdh_enable_request)
    nrf_sdh_evts_poll                        0x0002d0c9   Thumb Code    44  nrf_sdh.o(i.nrf_sdh_evts_poll)
    nrf_sdh_is_enabled                       0x0002d0f9   Thumb Code     6  nrf_sdh.o(i.nrf_sdh_is_enabled)
    nrf_section_iter_init                    0x0002d15f   Thumb Code    20  nrf_section_iter.o(i.nrf_section_iter_init)
    nrf_section_iter_next                    0x0002d1a1   Thumb Code    46  nrf_section_iter.o(i.nrf_section_iter_next)
    nrf_sortlist_add                         0x0002d1cf   Thumb Code    40  nrf_sortlist.o(i.nrf_sortlist_add)
    nrf_sortlist_peek                        0x0002d1f7   Thumb Code     8  nrf_sortlist.o(i.nrf_sortlist_peek)
    nrf_sortlist_pop                         0x0002d1ff   Thumb Code    24  nrf_sortlist.o(i.nrf_sortlist_pop)
    nrf_sortlist_remove                      0x0002d217   Thumb Code    38  nrf_sortlist.o(i.nrf_sortlist_remove)
    nrf_strerror_find                        0x0002d23d   Thumb Code    60  nrf_strerror.o(i.nrf_strerror_find)
    nrf_strerror_get                         0x0002d27d   Thumb Code    22  nrf_strerror.o(i.nrf_strerror_get)
    nrfx_clock_enable                        0x0002d411   Thumb Code    16  nrfx_clock.o(i.nrfx_clock_enable)
    nrfx_clock_init                          0x0002d425   Thumb Code    30  nrfx_clock.o(i.nrfx_clock_init)
    nrfx_clock_lfclk_start                   0x0002d449   Thumb Code    28  nrfx_clock.o(i.nrfx_clock_lfclk_start)
    nrfx_clock_lfclk_stop                    0x0002d465   Thumb Code    40  nrfx_clock.o(i.nrfx_clock_lfclk_stop)
    nrfx_gpiote_in_event_enable              0x0002d4e9   Thumb Code   168  nrfx_gpiote.o(i.nrfx_gpiote_in_event_enable)
    nrfx_gpiote_in_init                      0x0002d595   Thumb Code   232  nrfx_gpiote.o(i.nrfx_gpiote_in_init)
    nrfx_gpiote_in_is_set                    0x0002d689   Thumb Code    20  nrfx_gpiote.o(i.nrfx_gpiote_in_is_set)
    nrfx_gpiote_init                         0x0002d69d   Thumb Code   196  nrfx_gpiote.o(i.nrfx_gpiote_init)
    nrfx_gpiote_is_init                      0x0002d771   Thumb Code    16  nrfx_gpiote.o(i.nrfx_gpiote_is_init)
    nrfx_prs_acquire                         0x0002d849   Thumb Code    78  nrfx_prs.o(i.nrfx_prs_acquire)
    nrfx_twi_enable                          0x0002d899   Thumb Code    32  nrfx_twi.o(i.nrfx_twi_enable)
    nrfx_twi_init                            0x0002d8bd   Thumb Code   274  nrfx_twi.o(i.nrfx_twi_init)
    nrfx_twi_tx                              0x0002d9e1   Thumb Code    62  nrfx_twi.o(i.nrfx_twi_tx)
    nrfx_twi_xfer                            0x0002da21   Thumb Code    44  nrfx_twi.o(i.nrfx_twi_xfer)
    nrfx_uart_0_irq_handler                  0x0002da51   Thumb Code    12  nrfx_uart.o(i.nrfx_uart_0_irq_handler)
    nrfx_uart_init                           0x0002da65   Thumb Code   128  nrfx_uart.o(i.nrfx_uart_init)
    nrfx_uart_rx                             0x0002daed   Thumb Code   286  nrfx_uart.o(i.nrfx_uart_rx)
    nrfx_uart_tx                             0x0002dc11   Thumb Code   134  nrfx_uart.o(i.nrfx_uart_tx)
    nrfx_uart_tx_in_progress                 0x0002dc9d   Thumb Code    30  nrfx_uart.o(i.nrfx_uart_tx_in_progress)
    nrfx_uarte_0_irq_handler                 0x0002dcc1   Thumb Code    12  nrfx_uarte.o(i.nrfx_uarte_0_irq_handler)
    nrfx_uarte_init                          0x0002dcd5   Thumb Code   120  nrfx_uarte.o(i.nrfx_uarte_init)
    nrfx_uarte_rx                            0x0002dd55   Thumb Code   306  nrfx_uarte.o(i.nrfx_uarte_rx)
    nrfx_uarte_tx                            0x0002de8d   Thumb Code   188  nrfx_uarte.o(i.nrfx_uarte_tx)
    nrfx_uarte_tx_in_progress                0x0002df4d   Thumb Code    26  nrfx_uarte.o(i.nrfx_uarte_tx_in_progress)
    nvmc_config                              0x0002dfa9   Thumb Code    14  system_nrf52.o(i.nvmc_config)
    nvmc_wait                                0x0002dfbd   Thumb Code    12  system_nrf52.o(i.nvmc_wait)
    processDataReceiver                      0x0002e90d   Thumb Code    48  main.o(i.processDataReceiver)
    remove_handler                           0x0002ea0d   Thumb Code    56  main.o(i.remove_handler)
    reset_handler                            0x0002ea49   Thumb Code    28  main.o(i.reset_handler)
    reset_struct_data_3_zone                 0x0002ea69   Thumb Code    84  main.o(i.reset_struct_data_3_zone)
    ring_buff_available                      0x0002eabd   Thumb Code    18  ringbuffer.o(i.ring_buff_available)
    ring_buff_init                           0x0002eacf   Thumb Code    12  ringbuffer.o(i.ring_buff_init)
    ring_buff_pop                            0x0002eadb   Thumb Code    48  ringbuffer.o(i.ring_buff_pop)
    ring_buff_push                           0x0002eb0b   Thumb Code    44  ringbuffer.o(i.ring_buff_push)
    table_convert_to_command_id              0x0002f545   Thumb Code   308  main.o(i.table_convert_to_command_id)
    twi_handler                              0x000306c1   Thumb Code    18  i2c.o(i.twi_handler)
    uart_event_handle                        0x00030d19   Thumb Code   358  main.o(i.uart_event_handle)
    nrf_log_backend_rtt_api                  0x00031990   Data          12  nrf_log_backend_rtt.o(.constdata)
    m_ram_start                              0x00031a38   Data           4  nrf_sdh_ble.o(.constdata)
    __ctype_table                            0x00031a86   Data         129  ctype_o.o(.constdata)
    Region$$Table$$Base                      0x00032280   Number         0  anon$$obj.o(Region$$Table)
    Region$$Table$$Limit                     0x000322a0   Number         0  anon$$obj.o(Region$$Table)
    log_const_data$$Base                     0x000322b0   Number         0  nrf_ble_gatt.o(log_const_data)
    m_nrf_log_nrf_ble_gatt_logs_data_const   0x000322b0   Data           8  nrf_ble_gatt.o(log_const_data)
    m_nrf_log_ble_nus_logs_data_const        0x000322b8   Data           8  ble_nus.o(log_const_data)
    m_nrf_log_clock_logs_data_const          0x000322c0   Data           8  nrf_drv_clock.o(log_const_data)
    m_nrf_log_CLOCK_logs_data_const          0x000322c8   Data           8  nrfx_clock.o(log_const_data)
    m_nrf_log_GPIOTE_logs_data_const         0x000322d0   Data           8  nrfx_gpiote.o(log_const_data)
    m_nrf_log_PRS_logs_data_const            0x000322d8   Data           8  nrfx_prs.o(log_const_data)
    m_nrf_log_UART_logs_data_const           0x000322e0   Data           8  nrfx_uart.o(log_const_data)
    m_nrf_log_UARTE_logs_data_const          0x000322e8   Data           8  nrfx_uarte.o(log_const_data)
    m_nrf_log_TWI_logs_data_const            0x000322f0   Data           8  nrfx_twi.o(log_const_data)
    m_nrf_log_app_button_logs_data_const     0x000322f8   Data           8  app_button.o(log_const_data)
    m_nrf_log_app_timer_logs_data_const      0x00032300   Data           8  app_timer2.o(log_const_data)
    m_nrf_log_pwr_mgmt_logs_data_const       0x00032308   Data           8  nrf_pwr_mgmt.o(log_const_data)
    m_nrf_log_sortlist_logs_data_const       0x00032310   Data           8  nrf_sortlist.o(log_const_data)
    m_nrf_log_app_logs_data_const            0x00032318   Data           8  nrf_log_frontend.o(log_const_data)
    m_nrf_log_nrf_sdh_logs_data_const        0x00032320   Data           8  nrf_sdh.o(log_const_data)
    m_nrf_log_nrf_sdh_ble_logs_data_const    0x00032328   Data           8  nrf_sdh_ble.o(log_const_data)
    m_nrf_log_nrf_sdh_soc_logs_data_const    0x00032330   Data           8  nrf_sdh_soc.o(log_const_data)
    log_const_data$$Limit                    0x00032338   Number         0  nrf_sdh_soc.o(log_const_data)
    log_mempool                              0x00032338   Data          20  nrf_log_frontend.o(nrf_balloc)
    sdh_ble_observers0$$Base                 0x0003234c   Number         0  ble_conn_state.o(sdh_ble_observers0)
    sdh_ble_observers0$$Limit                0x00032354   Number         0  ble_conn_state.o(sdh_ble_observers0)
    sdh_ble_observers1$$Base                 0x00032354   Number         0  main.o(sdh_ble_observers1)
    sdh_ble_observers1$$Limit                0x00032374   Number         0  ble_conn_params.o(sdh_ble_observers1)
    sdh_ble_observers2$$Base                 0x00032374   Number         0  main.o(sdh_ble_observers2)
    sdh_ble_observers2$$Limit                0x00032384   Number         0  main.o(sdh_ble_observers2)
    sdh_ble_observers3$$Base                 0x00032384   Number         0  main.o(sdh_ble_observers3)
    sdh_ble_observers3$$Limit                0x0003238c   Number         0  main.o(sdh_ble_observers3)
    sdh_soc_observers0$$Base                 0x0003238c   Number         0  nrf_drv_clock.o(sdh_soc_observers0)
    sdh_soc_observers0$$Limit                0x00032394   Number         0  nrf_drv_clock.o(sdh_soc_observers0)
    sdh_stack_observers0$$Base               0x00032394   Number         0  nrf_sdh_ble.o(sdh_stack_observers0)
    sdh_stack_observers0$$Limit              0x000323a4   Number         0  nrf_sdh_soc.o(sdh_stack_observers0)
    sdh_state_observers0$$Base               0x000323a4   Number         0  nrf_drv_clock.o(sdh_state_observers0)
    sdh_state_observers0$$Limit              0x000323ac   Number         0  nrf_drv_clock.o(sdh_state_observers0)
    Image$$RW_IRAM1$$Base                    0x2000ad68   Number         0  anon$$obj.o ABSOLUTE
    nrf_drv_uart_use_easy_dma                0x2000add0   Data           1  nrf_drv_uart.o(.data)
    __stdout                                 0x2000ae68   Data           4  retarget.o(.data)
    __stdin                                  0x2000ae6c   Data           4  retarget.o(.data)
    SystemCoreClock                          0x2000aed8   Data           4  system_nrf52.o(.data)
    arr_mem_data                             0x2000b414   Data          50  main.o(.bss)
    byRxBuffer2                              0x2000b446   Data          50  main.o(.bss)
    mem_handler                              0x2000b478   Data         200  main.o(.bss)
    data_zone_1                              0x2000b540   Data          16  main.o(.bss)
    data_zone_2                              0x2000b550   Data          20  main.o(.bss)
    data_zone_3                              0x2000b564   Data          16  main.o(.bss)
    nrf_nvic_state                           0x2000c268   Data          12  app_util_platform.o(.bss)
    _SEGGER_RTT                              0x2000c838   Data         120  segger_rtt.o(.bss)
    tx_buf                                   0x2000cac0   Data          10  i2c.o(.bss)
    __initial_sp                             0x2000ead0   Data           0  arm_startup_nrf52.o(STACK)



==============================================================================

Memory Map of the image

  Image Entry point : 0x00026201

  Load Region LR_IROM1 (Base: 0x00026000, Size: 0x0000c520, Max: 0x0005a000, ABSOLUTE, COMPRESSED[0x0000c40c])

    Execution Region ER_IROM1 (Exec base: 0x00026000, Load base: 0x00026000, Size: 0x0000c3ac, Max: 0x0005a000, ABSOLUTE)

    Exec Addr    Load Addr    Size         Type   Attr      Idx    E Section Name        Object

    0x00026000   0x00026000   0x00000200   Data   RO         6397    RESET               arm_startup_nrf52.o
    0x00026200   0x00026200   0x00000000   Code   RO         8300  * .ARM.Collect$$$$00000000  mc_w.l(entry.o)
    0x00026200   0x00026200   0x00000004   Code   RO         8614    .ARM.Collect$$$$00000001  mc_w.l(entry2.o)
    0x00026204   0x00026204   0x00000004   Code   RO         8617    .ARM.Collect$$$$00000004  mc_w.l(entry5.o)
    0x00026208   0x00026208   0x00000000   Code   RO         8619    .ARM.Collect$$$$00000008  mc_w.l(entry7b.o)
    0x00026208   0x00026208   0x00000000   Code   RO         8621    .ARM.Collect$$$$0000000A  mc_w.l(entry8b.o)
    0x00026208   0x00026208   0x00000008   Code   RO         8622    .ARM.Collect$$$$0000000B  mc_w.l(entry9a.o)
    0x00026210   0x00026210   0x00000000   Code   RO         8624    .ARM.Collect$$$$0000000D  mc_w.l(entry10a.o)
    0x00026210   0x00026210   0x00000000   Code   RO         8626    .ARM.Collect$$$$0000000F  mc_w.l(entry11a.o)
    0x00026210   0x00026210   0x00000004   Code   RO         8615    .ARM.Collect$$$$00002712  mc_w.l(entry2.o)
    0x00026214   0x00026214   0x000000c8   Code   RO         4508    .emb_text           nrf_atfifo.o
    0x000262dc   0x000262dc   0x000000e2   Code   RO         4647    .emb_text           nrf_atomic.o
    0x000263be   0x000263be   0x00000002   PAD
    0x000263c0   0x000263c0   0x00000024   Code   RO         6398    .text               arm_startup_nrf52.o
    0x000263e4   0x000263e4   0x00000062   Code   RO         8303    .text               mc_w.l(uldiv.o)
    0x00026446   0x00026446   0x0000001e   Code   RO         8305    .text               mc_w.l(llshl.o)
    0x00026464   0x00026464   0x00000008   Code   RO         8307    .text               mc_w.l(ctype_o.o)
    0x0002646c   0x0002646c   0x00000012   Code   RO         8329    .text               mc_w.l(isspace_o.o)
    0x0002647e   0x0002647e   0x00000024   Code   RO         8335    .text               mc_w.l(memcpya.o)
    0x000264a2   0x000264a2   0x00000024   Code   RO         8337    .text               mc_w.l(memseta.o)
    0x000264c6   0x000264c6   0x00000018   Code   RO         8339    .text               mc_w.l(strncpy.o)
    0x000264de   0x000264de   0x0000000e   Code   RO         8341    .text               mc_w.l(strlen.o)
    0x000264ec   0x000264ec   0x00000012   Code   RO         8345    .text               mc_w.l(strcpy.o)
    0x000264fe   0x000264fe   0x00000002   PAD
    0x00026500   0x00026500   0x00000038   Code   RO         8610    .text               mc_w.l(__0sscanf.o)
    0x00026538   0x00026538   0x0000014c   Code   RO         8612    .text               mc_w.l(_scanf_int.o)
    0x00026684   0x00026684   0x00000020   Code   RO         8630    .text               mc_w.l(llushr.o)
    0x000266a4   0x000266a4   0x0000001c   Code   RO         8632    .text               mc_w.l(_chval.o)
    0x000266c0   0x000266c0   0x00000028   Code   RO         8634    .text               mc_w.l(scanf_char.o)
    0x000266e8   0x000266e8   0x00000040   Code   RO         8636    .text               mc_w.l(_sgetc.o)
    0x00026728   0x00026728   0x00000024   Code   RO         8649    .text               mc_w.l(init.o)
    0x0002674c   0x0002674c   0x0000032c   Code   RO         8655    .text               mc_w.l(_scanf.o)
    0x00026a78   0x00026a78   0x00000056   Code   RO         8670    .text               mc_w.l(__dczerorl2.o)
    0x00026ace   0x00026ace   0x00000002   PAD
    0x00026ad0   0x00026ad0   0x000000bc   Code   RO         2381    i.GPIOTE_IRQHandler  nrfx_gpiote.o
    0x00026b8c   0x00026b8c   0x00000014   Code   RO         6326    i.Init_LCD_I2C      lcd_i2c.o
    0x00026ba0   0x00026ba0   0x00000054   Code   RO         2213    i.POWER_CLOCK_IRQHandler  nrfx_clock.o
    0x00026bf4   0x00026bf4   0x000000ec   Code   RO            4    i.PollRxBuff        main.o
    0x00026ce0   0x00026ce0   0x00000018   Code   RO         4247    i.RTC1_IRQHandler   drv_rtc.o
    0x00026cf8   0x00026cf8   0x00000008   Code   RO         5786    i.SEGGER_RTT_Init   segger_rtt.o
    0x00026d00   0x00026d00   0x00000084   Code   RO         5800    i.SEGGER_RTT_WriteNoLock  segger_rtt.o
    0x00026d84   0x00026d84   0x00000014   Code   RO         3353    i.SPIM0_SPIS0_TWIM0_TWIS0_SPI0_TWI0_IRQHandler  nrfx_twi.o
    0x00026d98   0x00026d98   0x00000014   Code   RO         3354    i.SPIM1_SPIS1_TWIM1_TWIS1_SPI1_TWI1_IRQHandler  nrfx_twi.o
    0x00026dac   0x00026dac   0x00000008   Code   RO         6038    i.SWI2_EGU2_IRQHandler  nrf_sdh.o
    0x00026db4   0x00026db4   0x00000010   Code   RO         6405    i.SystemCoreClockUpdate  system_nrf52.o
    0x00026dc4   0x00026dc4   0x000000bc   Code   RO         6406    i.SystemInit        system_nrf52.o
    0x00026e80   0x00026e80   0x00000010   Code   RO         2751    i.UARTE0_UART0_IRQHandler  nrfx_prs.o
    0x00026e90   0x00026e90   0x00000910   Code   RO            5    i.UartCommandProcess  main.o
    0x000277a0   0x000277a0   0x00000070   Code   RO         5804    i._DoInit           segger_rtt.o
    0x00027810   0x00027810   0x0000001c   Code   RO         5805    i._GetAvailWriteSpace  segger_rtt.o
    0x0002782c   0x0002782c   0x00000072   Code   RO         5807    i._WriteBlocking    segger_rtt.o
    0x0002789e   0x0002789e   0x0000004c   Code   RO         5808    i._WriteNoCheck     segger_rtt.o
    0x000278ea   0x000278ea   0x00000002   PAD
    0x000278ec   0x000278ec   0x00000020   Code   RO         8482    i.__0printf$5       mc_w.l(printf5.o)
    0x0002790c   0x0002790c   0x00000028   Code   RO         8484    i.__0sprintf$5      mc_w.l(printf5.o)
    0x00027934   0x00027934   0x0000000e   Code   RO         8664    i.__scatterload_copy  mc_w.l(handlers.o)
    0x00027942   0x00027942   0x00000002   Code   RO         8665    i.__scatterload_null  mc_w.l(handlers.o)
    0x00027944   0x00027944   0x0000000e   Code   RO         8666    i.__scatterload_zeroinit  mc_w.l(handlers.o)
    0x00027952   0x00027952   0x00000002   PAD
    0x00027954   0x00027954   0x00000038   Code   RO         6039    i.__sd_nvic_app_accessible_irq  nrf_sdh.o
    0x0002798c   0x0002798c   0x0000000c   Code   RO         4169    i.__sd_nvic_irq_disable  app_util_platform.o
    0x00027998   0x00027998   0x000002c0   Code   RO         8489    i._printf_core      mc_w.l(printf5.o)
    0x00027c58   0x00027c58   0x0000000a   Code   RO         8491    i._sputc            mc_w.l(printf5.o)
    0x00027c62   0x00027c62   0x00000002   PAD
    0x00027c64   0x00027c64   0x0000003c   Code   RO            6    i.add_handler       main.o
    0x00027ca0   0x00027ca0   0x00000018   Code   RO         1063    i.addr_is_valid     ble_advertising.o
    0x00027cb8   0x00027cb8   0x00000058   Code   RO         1064    i.adv_mode_next_avail_get  ble_advertising.o
    0x00027d10   0x00027d10   0x00000012   Code   RO         1065    i.adv_mode_next_get  ble_advertising.o
    0x00027d22   0x00027d22   0x00000012   Code   RO         1066    i.adv_set_data_size_max_get  ble_advertising.o
    0x00027d34   0x00027d34   0x00000054   Code   RO          823    i.advertising_buttons_configure  bsp_btn_ble.o
    0x00027d88   0x00027d88   0x00000070   Code   RO            7    i.advertising_init  main.o
    0x00027df8   0x00027df8   0x00000024   Code   RO            8    i.advertising_start  main.o
    0x00027e1c   0x00027e1c   0x0000000c   Code   RO          709    i.alert_timer_handler  bsp.o
    0x00027e28   0x00027e28   0x0000002c   Code   RO         3586    i.app_button_enable  app_button.o
    0x00027e54   0x00027e54   0x000000b0   Code   RO         3587    i.app_button_init   app_button.o
    0x00027f04   0x00027f04   0x000000bc   Code   RO         3748    i.app_error_fault_handler  app_error_weak.o
    0x00027fc0   0x00027fc0   0x0000001c   Code   RO         3688    i.app_error_handler_bare  app_error.o
    0x00027fdc   0x00027fdc   0x0000001e   Code   RO         3792    i.app_fifo_get      app_fifo.o
    0x00027ffa   0x00027ffa   0x00000024   Code   RO         3793    i.app_fifo_init     app_fifo.o
    0x0002801e   0x0002801e   0x00000022   Code   RO         3795    i.app_fifo_put      app_fifo.o
    0x00028040   0x00028040   0x00000010   Code   RO         3931    i.app_timer_cnt_get  app_timer2.o
    0x00028050   0x00028050   0x00000020   Code   RO         3932    i.app_timer_create  app_timer2.o
    0x00028070   0x00028070   0x0000006c   Code   RO         3933    i.app_timer_init    app_timer2.o
    0x000280dc   0x000280dc   0x00000036   Code   RO         3936    i.app_timer_start   app_timer2.o
    0x00028112   0x00028112   0x00000014   Code   RO         3937    i.app_timer_stop    app_timer2.o
    0x00028126   0x00028126   0x00000002   PAD
    0x00028128   0x00028128   0x00000054   Code   RO         4089    i.app_uart_get      app_uart_fifo.o
    0x0002817c   0x0002817c   0x000000dc   Code   RO         4090    i.app_uart_init     app_uart_fifo.o
    0x00028258   0x00028258   0x0000006c   Code   RO         4091    i.app_uart_put      app_uart_fifo.o
    0x000282c4   0x000282c4   0x0000000c   Code   RO         4170    i.app_util_critical_region_enter  app_util_platform.o
    0x000282d0   0x000282d0   0x00000048   Code   RO         4171    i.app_util_critical_region_exit  app_util_platform.o
    0x00028318   0x00028318   0x00000052   Code   RO          936    i.appearance_encode  ble_advdata.o
    0x0002836a   0x0002836a   0x0000007c   Code   RO         2805    i.apply_config      nrfx_uart.o
    0x000283e6   0x000283e6   0x0000007c   Code   RO         3050    i.apply_config      nrfx_uarte.o
    0x00028462   0x00028462   0x00000002   PAD
    0x00028464   0x00028464   0x0000003c   Code   RO         5518    i.backend_id_assign  nrf_log_frontend.o
    0x000284a0   0x000284a0   0x0000006c   Code   RO         1512    i.blcm_link_ctx_get  ble_link_ctx_manager.o
    0x0002850c   0x0002850c   0x0000016c   Code   RO          938    i.ble_advdata_encode  ble_advdata.o
    0x00028678   0x00028678   0x00000028   Code   RO          940    i.ble_advdata_parse  ble_advdata.o
    0x000286a0   0x000286a0   0x0000005c   Code   RO          941    i.ble_advdata_search  ble_advdata.o
    0x000286fc   0x000286fc   0x00000006   Code   RO         1068    i.ble_advertising_conn_cfg_tag_set  ble_advertising.o
    0x00028702   0x00028702   0x00000108   Code   RO         1069    i.ble_advertising_init  ble_advertising.o
    0x0002880a   0x0002880a   0x0000003c   Code   RO         1071    i.ble_advertising_on_ble_evt  ble_advertising.o
    0x00028846   0x00028846   0x0000004a   Code   RO         1073    i.ble_advertising_restart_without_whitelist  ble_advertising.o
    0x00028890   0x00028890   0x00000174   Code   RO         1074    i.ble_advertising_start  ble_advertising.o
    0x00028a04   0x00028a04   0x0000009c   Code   RO         1222    i.ble_conn_params_init  ble_conn_params.o
    0x00028aa0   0x00028aa0   0x00000014   Code   RO         1322    i.ble_conn_state_conn_idx  ble_conn_state.o
    0x00028ab4   0x00028ab4   0x0000001c   Code   RO         1336    i.ble_conn_state_valid  ble_conn_state.o
    0x00028ad0   0x00028ad0   0x00000076   Code   RO          944    i.ble_device_addr_encode  ble_advdata.o
    0x00028b46   0x00028b46   0x00000002   PAD
    0x00028b48   0x00028b48   0x000001b4   Code   RO           10    i.ble_evt_handler   main.o
    0x00028cfc   0x00028cfc   0x00000078   Code   RO          824    i.ble_evt_handler   bsp_btn_ble.o
    0x00028d74   0x00028d74   0x00000040   Code   RO         1224    i.ble_evt_handler   ble_conn_params.o
    0x00028db4   0x00028db4   0x000000b8   Code   RO         1337    i.ble_evt_handler   ble_conn_state.o
    0x00028e6c   0x00028e6c   0x0000007a   Code   RO         1785    i.ble_nus_data_send  ble_nus.o
    0x00028ee6   0x00028ee6   0x00000002   PAD
    0x00028ee8   0x00028ee8   0x00000108   Code   RO         1786    i.ble_nus_init      ble_nus.o
    0x00028ff0   0x00028ff0   0x00000044   Code   RO         1787    i.ble_nus_on_ble_evt  ble_nus.o
    0x00029034   0x00029034   0x00000012   Code   RO         1538    i.ble_srv_is_notification_enabled  ble_srv_common.o
    0x00029046   0x00029046   0x00000056   Code   RO           11    i.ble_stack_init    main.o
    0x0002909c   0x0002909c   0x0000000c   Code   RO          584    i.bsp_board_button_idx_to_pin  boards.o
    0x000290a8   0x000290a8   0x00000030   Code   RO          585    i.bsp_board_button_state_get  boards.o
    0x000290d8   0x000290d8   0x0000002c   Code   RO          586    i.bsp_board_buttons_init  boards.o
    0x00029104   0x00029104   0x0000001a   Code   RO          587    i.bsp_board_init    boards.o
    0x0002911e   0x0002911e   0x00000002   PAD
    0x00029120   0x00029120   0x00000030   Code   RO          589    i.bsp_board_led_invert  boards.o
    0x00029150   0x00029150   0x00000014   Code   RO          590    i.bsp_board_led_off  boards.o
    0x00029164   0x00029164   0x00000014   Code   RO          591    i.bsp_board_led_on  boards.o
    0x00029178   0x00029178   0x00000030   Code   RO          592    i.bsp_board_led_state_get  boards.o
    0x000291a8   0x000291a8   0x00000030   Code   RO          593    i.bsp_board_leds_init  boards.o
    0x000291d8   0x000291d8   0x00000014   Code   RO          594    i.bsp_board_leds_off  boards.o
    0x000291ec   0x000291ec   0x00000014   Code   RO          595    i.bsp_board_leds_on  boards.o
    0x00029200   0x00029200   0x00000024   Code   RO          596    i.bsp_board_pin_to_button_idx  boards.o
    0x00029224   0x00029224   0x0000002c   Code   RO          825    i.bsp_btn_ble_init  bsp_btn_ble.o
    0x00029250   0x00029250   0x00000032   Code   RO          826    i.bsp_btn_ble_sleep_mode_prepare  bsp_btn_ble.o
    0x00029282   0x00029282   0x00000002   PAD
    0x00029284   0x00029284   0x000000c4   Code   RO          710    i.bsp_button_event_handler  bsp.o
    0x00029348   0x00029348   0x00000014   Code   RO          711    i.bsp_button_is_pressed  bsp.o
    0x0002935c   0x0002935c   0x00000074   Code   RO           12    i.bsp_event_handler  main.o
    0x000293d0   0x000293d0   0x0000005c   Code   RO          714    i.bsp_event_to_button_action_assign  bsp.o
    0x0002942c   0x0002942c   0x00000020   Code   RO          715    i.bsp_indication_set  bsp.o
    0x0002944c   0x0002944c   0x000000ac   Code   RO          716    i.bsp_init          bsp.o
    0x000294f8   0x000294f8   0x00000388   Code   RO          717    i.bsp_led_indication  bsp.o
    0x00029880   0x00029880   0x0000000e   Code   RO          719    i.bsp_wakeup_button_enable  bsp.o
    0x0002988e   0x0002988e   0x00000002   PAD
    0x00029890   0x00029890   0x000000e8   Code   RO         5519    i.buf_prealloc      nrf_log_frontend.o
    0x00029978   0x00029978   0x0000002c   Code   RO         4872    i.buffer_add        nrf_fprintf_format.o
    0x000299a4   0x000299a4   0x00000018   Code   RO         5520    i.buffer_is_empty   nrf_log_frontend.o
    0x000299bc   0x000299bc   0x0000002c   Code   RO         3589    i.button_get        app_button.o
    0x000299e8   0x000299e8   0x0000000e   Code   RO          720    i.button_timer_handler  bsp.o
    0x000299f6   0x000299f6   0x00000002   PAD
    0x000299f8   0x000299f8   0x00000054   Code   RO           13    i.buttons_leds_init  main.o
    0x00029a4c   0x00029a4c   0x00000350   Code   RO           14    i.calcu_data_to_send  main.o
    0x00029d9c   0x00029d9c   0x00000020   Code   RO         2382    i.channel_free      nrfx_gpiote.o
    0x00029dbc   0x00029dbc   0x00000010   Code   RO         2383    i.channel_handler_get  nrfx_gpiote.o
    0x00029dcc   0x00029dcc   0x00000080   Code   RO         2384    i.channel_port_alloc  nrfx_gpiote.o
    0x00029e4c   0x00029e4c   0x0000000c   Code   RO         2385    i.channel_port_get  nrfx_gpiote.o
    0x00029e58   0x00029e58   0x000001c8   Code   RO         1540    i.characteristic_add  ble_srv_common.o
    0x0002a020   0x0002a020   0x00000030   Code   RO         1848    i.clock_clk_started_notify  nrf_drv_clock.o
    0x0002a050   0x0002a050   0x00000028   Code   RO         1849    i.clock_irq_handler  nrf_drv_clock.o
    0x0002a078   0x0002a078   0x00000026   Code   RO         3939    i.compare_func      app_timer2.o
    0x0002a09e   0x0002a09e   0x00000028   Code   RO         1076    i.config_is_valid   ble_advertising.o
    0x0002a0c6   0x0002a0c6   0x0000003c   Code   RO         1338    i.conn_handle_list_get  ble_conn_state.o
    0x0002a102   0x0002a102   0x0000005a   Code   RO          945    i.conn_int_check    ble_advdata.o
    0x0002a15c   0x0002a15c   0x00000068   Code   RO          946    i.conn_int_encode   ble_advdata.o
    0x0002a1c4   0x0002a1c4   0x00000010   Code   RO           15    i.conn_params_error_handler  main.o
    0x0002a1d4   0x0002a1d4   0x0000005c   Code   RO           16    i.conn_params_init  main.o
    0x0002a230   0x0002a230   0x00000054   Code   RO         1225    i.conn_params_negotiation  ble_conn_params.o
    0x0002a284   0x0002a284   0x00000054   Code   RO          827    i.connection_buttons_configure  bsp_btn_ble.o
    0x0002a2d8   0x0002a2d8   0x00000078   Code   RO           17    i.create_timers     main.o
    0x0002a350   0x0002a350   0x000000e8   Code   RO         1607    i.data_length_update  nrf_ble_gatt.o
    0x0002a438   0x0002a438   0x00000060   Code   RO         3590    i.detection_delay_timeout_handler  app_button.o
    0x0002a498   0x0002a498   0x00000018   Code   RO         5521    i.dropped_sat16_get  nrf_log_frontend.o
    0x0002a4b0   0x0002a4b0   0x00000016   Code   RO         4248    i.drv_rtc_compare_disable  drv_rtc.o
    0x0002a4c6   0x0002a4c6   0x0000001a   Code   RO         4251    i.drv_rtc_compare_pending  drv_rtc.o
    0x0002a4e0   0x0002a4e0   0x0000005c   Code   RO         4252    i.drv_rtc_compare_set  drv_rtc.o
    0x0002a53c   0x0002a53c   0x0000000c   Code   RO         4253    i.drv_rtc_counter_get  drv_rtc.o
    0x0002a548   0x0002a548   0x00000128   Code   RO         4254    i.drv_rtc_init      drv_rtc.o
    0x0002a670   0x0002a670   0x00000024   Code   RO         4255    i.drv_rtc_irq_trigger  drv_rtc.o
    0x0002a694   0x0002a694   0x00000012   Code   RO         4257    i.drv_rtc_overflow_enable  drv_rtc.o
    0x0002a6a6   0x0002a6a6   0x00000010   Code   RO         4258    i.drv_rtc_overflow_pending  drv_rtc.o
    0x0002a6b6   0x0002a6b6   0x0000000e   Code   RO         4259    i.drv_rtc_start     drv_rtc.o
    0x0002a6c4   0x0002a6c4   0x0000000e   Code   RO         4260    i.drv_rtc_stop      drv_rtc.o
    0x0002a6d2   0x0002a6d2   0x000000fc   Code   RO         4265    i.drv_rtc_windowed_compare_set  drv_rtc.o
    0x0002a7ce   0x0002a7ce   0x00000018   Code   RO         4266    i.evt_disable       drv_rtc.o
    0x0002a7e6   0x0002a7e6   0x0000001c   Code   RO         4267    i.evt_enable        drv_rtc.o
    0x0002a802   0x0002a802   0x00000002   PAD
    0x0002a804   0x0002a804   0x000000f0   Code   RO         3591    i.evt_handle        app_button.o
    0x0002a8f4   0x0002a8f4   0x0000001c   Code   RO         4268    i.evt_pending       drv_rtc.o
    0x0002a910   0x0002a910   0x00000018   Code   RO         3798    i.fifo_get          app_fifo.o
    0x0002a928   0x0002a928   0x0000000a   Code   RO         3799    i.fifo_length       app_fifo.o
    0x0002a932   0x0002a932   0x0000000a   Code   RO         4092    i.fifo_length       app_uart_fifo.o
    0x0002a93c   0x0002a93c   0x00000012   Code   RO         3800    i.fifo_peek         app_fifo.o
    0x0002a94e   0x0002a94e   0x00000012   Code   RO         3801    i.fifo_put          app_fifo.o
    0x0002a960   0x0002a960   0x0000001e   Code   RO         1339    i.flag_toggle       ble_conn_state.o
    0x0002a97e   0x0002a97e   0x00000036   Code   RO          947    i.flags_encode      ble_advdata.o
    0x0002a9b4   0x0002a9b4   0x0000002c   Code   RO         1077    i.flags_set         ble_advertising.o
    0x0002a9e0   0x0002a9e0   0x00000010   Code   RO         5263    i.fputc             retarget.o
    0x0002a9f0   0x0002a9f0   0x00000088   Code   RO           18    i.gap_params_init   main.o
    0x0002aa78   0x0002aa78   0x0000006c   Code   RO           19    i.gatt_evt_handler  main.o
    0x0002aae4   0x0002aae4   0x00000044   Code   RO           20    i.gatt_init         main.o
    0x0002ab28   0x0002ab28   0x0000003c   Code   RO         3940    i.get_now           app_timer2.o
    0x0002ab64   0x0002ab64   0x00000048   Code   RO         3592    i.gpiote_event_handler  app_button.o
    0x0002abac   0x0002abac   0x00000090   Code   RO         6262    i.i2c_init          i2c.o
    0x0002ac3c   0x0002ac3c   0x00000068   Code   RO         6264    i.i2c_write         i2c.o
    0x0002aca4   0x0002aca4   0x0000000e   Code   RO           21    i.idle_state_handle  main.o
    0x0002acb2   0x0002acb2   0x00000002   Code   RO           22    i.init_peripheral   main.o
    0x0002acb4   0x0002acb4   0x0000002c   Code   RO         1226    i.instance_get      ble_conn_params.o
    0x0002ace0   0x0002ace0   0x000000be   Code   RO         4873    i.int_print         nrf_fprintf_format.o
    0x0002ad9e   0x0002ad9e   0x00000002   PAD
    0x0002ada0   0x0002ada0   0x00000094   Code   RO         2807    i.interrupts_enable  nrfx_uart.o
    0x0002ae34   0x0002ae34   0x000000b4   Code   RO         3052    i.interrupts_enable  nrfx_uarte.o
    0x0002aee8   0x0002aee8   0x00000046   Code   RO         5523    i.invalid_packets_omit  nrf_log_frontend.o
    0x0002af2e   0x0002af2e   0x00000072   Code   RO         1227    i.is_conn_params_ok  ble_conn_params.o
    0x0002afa0   0x0002afa0   0x0000000c   Code   RO         1852    i.item_dequeue      nrf_drv_clock.o
    0x0002afac   0x0002afac   0x00000022   Code   RO         1853    i.item_enqueue      nrf_drv_clock.o
    0x0002afce   0x0002afce   0x00000026   Code   RO         2386    i.latch_pending_read_and_check  nrfx_gpiote.o
    0x0002aff4   0x0002aff4   0x0000001c   Code   RO         6327    i.lcd_i2c_clear     lcd_i2c.o
    0x0002b010   0x0002b010   0x00000076   Code   RO         6328    i.lcd_i2c_init      lcd_i2c.o
    0x0002b086   0x0002b086   0x00000038   Code   RO         6329    i.lcd_i2c_put_cur   lcd_i2c.o
    0x0002b0be   0x0002b0be   0x0000003c   Code   RO         6330    i.lcd_i2c_send_cmd  lcd_i2c.o
    0x0002b0fa   0x0002b0fa   0x0000003c   Code   RO         6331    i.lcd_i2c_send_data  lcd_i2c.o
    0x0002b136   0x0002b136   0x00000016   Code   RO         6332    i.lcd_i2c_send_string  lcd_i2c.o
    0x0002b14c   0x0002b14c   0x00000028   Code   RO          721    i.leds_off          bsp.o
    0x0002b174   0x0002b174   0x00000020   Code   RO          722    i.leds_timer_handler  bsp.o
    0x0002b194   0x0002b194   0x00000022   Code   RO           23    i.lfclk_request     main.o
    0x0002b1b6   0x0002b1b6   0x00000002   PAD
    0x0002b1b8   0x0002b1b8   0x00000018   Code   RO         1854    i.lfclk_stop        nrf_drv_clock.o
    0x0002b1d0   0x0002b1d0   0x00000018   Code   RO         1608    i.link_init         nrf_ble_gatt.o
    0x0002b1e8   0x0002b1e8   0x00000026   Code   RO           24    i.log_init          main.o
    0x0002b20e   0x0002b20e   0x00000002   PAD
    0x0002b210   0x0002b210   0x000000cc   Code   RO         5524    i.log_skip          nrf_log_frontend.o
    0x0002b2dc   0x0002b2dc   0x00000144   Code   RO           25    i.main              main.o
    0x0002b420   0x0002b420   0x00000076   Code   RO          948    i.manuf_specific_data_encode  ble_advdata.o
    0x0002b496   0x0002b496   0x000000ca   Code   RO         4917    i.memobj_op         nrf_memobj.o
    0x0002b560   0x0002b560   0x00000038   Code   RO         5525    i.module_idx_get    nrf_log_frontend.o
    0x0002b598   0x0002b598   0x000000c8   Code   RO          949    i.name_encode       ble_advdata.o
    0x0002b660   0x0002b660   0x00000028   Code   RO         4512    i.nrf_atfifo_init   nrf_atfifo.o
    0x0002b688   0x0002b688   0x0000001c   Code   RO         4513    i.nrf_atfifo_item_alloc  nrf_atfifo.o
    0x0002b6a4   0x0002b6a4   0x0000001c   Code   RO         4514    i.nrf_atfifo_item_free  nrf_atfifo.o
    0x0002b6c0   0x0002b6c0   0x0000001c   Code   RO         4515    i.nrf_atfifo_item_get  nrf_atfifo.o
    0x0002b6dc   0x0002b6dc   0x0000001c   Code   RO         4516    i.nrf_atfifo_item_put  nrf_atfifo.o
    0x0002b6f8   0x0002b6f8   0x0000001e   Code   RO         4581    i.nrf_atflags_clear  nrf_atflags.o
    0x0002b716   0x0002b716   0x0000001e   Code   RO         4586    i.nrf_atflags_get   nrf_atflags.o
    0x0002b734   0x0002b734   0x0000001e   Code   RO         4588    i.nrf_atflags_set   nrf_atflags.o
    0x0002b752   0x0002b752   0x0000000e   Code   RO         4649    i.nrf_atomic_flag_clear_fetch  nrf_atomic.o
    0x0002b760   0x0002b760   0x0000000e   Code   RO         4650    i.nrf_atomic_flag_set  nrf_atomic.o
    0x0002b76e   0x0002b76e   0x00000016   Code   RO         4652    i.nrf_atomic_u32_add  nrf_atomic.o
    0x0002b784   0x0002b784   0x00000016   Code   RO         4653    i.nrf_atomic_u32_and  nrf_atomic.o
    0x0002b79a   0x0002b79a   0x00000016   Code   RO         4656    i.nrf_atomic_u32_fetch_and  nrf_atomic.o
    0x0002b7b0   0x0002b7b0   0x00000016   Code   RO         4658    i.nrf_atomic_u32_fetch_store  nrf_atomic.o
    0x0002b7c6   0x0002b7c6   0x00000016   Code   RO         4662    i.nrf_atomic_u32_or  nrf_atomic.o
    0x0002b7dc   0x0002b7dc   0x00000016   Code   RO         4664    i.nrf_atomic_u32_sub  nrf_atomic.o
    0x0002b7f2   0x0002b7f2   0x00000052   Code   RO         4786    i.nrf_balloc_alloc  nrf_balloc.o
    0x0002b844   0x0002b844   0x00000010   Code   RO         4787    i.nrf_balloc_block2idx  nrf_balloc.o
    0x0002b854   0x0002b854   0x00000030   Code   RO         4788    i.nrf_balloc_free   nrf_balloc.o
    0x0002b884   0x0002b884   0x0000000c   Code   RO         4789    i.nrf_balloc_idx2block  nrf_balloc.o
    0x0002b890   0x0002b890   0x0000003c   Code   RO         4790    i.nrf_balloc_init   nrf_balloc.o
    0x0002b8cc   0x0002b8cc   0x00000016   Code   RO         2387    i.nrf_bitmask_bit_is_set  nrfx_gpiote.o
    0x0002b8e2   0x0002b8e2   0x0000001e   Code   RO         1610    i.nrf_ble_gatt_att_mtu_periph_set  nrf_ble_gatt.o
    0x0002b900   0x0002b900   0x00000034   Code   RO         1614    i.nrf_ble_gatt_init  nrf_ble_gatt.o
    0x0002b934   0x0002b934   0x00000108   Code   RO         1615    i.nrf_ble_gatt_on_ble_evt  nrf_ble_gatt.o
    0x0002ba3c   0x0002ba3c   0x00000020   Code   RO         1729    i.nrf_ble_qwr_conn_handle_assign  nrf_ble_qwr.o
    0x0002ba5c   0x0002ba5c   0x00000032   Code   RO         1730    i.nrf_ble_qwr_init  nrf_ble_qwr.o
    0x0002ba8e   0x0002ba8e   0x0000007c   Code   RO         1731    i.nrf_ble_qwr_on_ble_evt  nrf_ble_qwr.o
    0x0002bb0a   0x0002bb0a   0x00000012   Code   RO         2214    i.nrf_clock_event_check  nrfx_clock.o
    0x0002bb1c   0x0002bb1c   0x00000012   Code   RO         2215    i.nrf_clock_event_clear  nrfx_clock.o
    0x0002bb2e   0x0002bb2e   0x00000002   PAD
    0x0002bb30   0x0002bb30   0x0000000c   Code   RO         2216    i.nrf_clock_int_disable  nrfx_clock.o
    0x0002bb3c   0x0002bb3c   0x0000000c   Code   RO         2217    i.nrf_clock_int_enable  nrfx_clock.o
    0x0002bb48   0x0002bb48   0x00000008   Code   RO         2218    i.nrf_clock_task_trigger  nrfx_clock.o
    0x0002bb50   0x0002bb50   0x00000030   Code   RO         6333    i.nrf_delay_ms      lcd_i2c.o
    0x0002bb80   0x0002bb80   0x0000004c   Code   RO         1860    i.nrf_drv_clock_init  nrf_drv_clock.o
    0x0002bbcc   0x0002bbcc   0x00000030   Code   RO         1864    i.nrf_drv_clock_lfclk_release  nrf_drv_clock.o
    0x0002bbfc   0x0002bbfc   0x0000006c   Code   RO         1865    i.nrf_drv_clock_lfclk_request  nrf_drv_clock.o
    0x0002bc68   0x0002bc68   0x00000050   Code   RO         3272    i.nrf_drv_twi_init  nrf_drv_twi.o
    0x0002bcb8   0x0002bcb8   0x0000002c   Code   RO         6265    i.nrf_drv_twi_tx    i2c.o
    0x0002bce4   0x0002bce4   0x0000008c   Code   RO         2019    i.nrf_drv_uart_init  nrf_drv_uart.o
    0x0002bd70   0x0002bd70   0x00000044   Code   RO         4093    i.nrf_drv_uart_rx   app_uart_fifo.o
    0x0002bdb4   0x0002bdb4   0x00000044   Code   RO         4094    i.nrf_drv_uart_tx   app_uart_fifo.o
    0x0002bdf8   0x0002bdf8   0x0000002a   Code   RO         4833    i.nrf_fprintf       nrf_fprintf.o
    0x0002be22   0x0002be22   0x0000001c   Code   RO         4834    i.nrf_fprintf_buffer_flush  nrf_fprintf.o
    0x0002be3e   0x0002be3e   0x000001f0   Code   RO         4874    i.nrf_fprintf_fmt   nrf_fprintf_format.o
    0x0002c02e   0x0002c02e   0x00000028   Code   RO          598    i.nrf_gpio_cfg      boards.o
    0x0002c056   0x0002c056   0x00000028   Code   RO         2388    i.nrf_gpio_cfg      nrfx_gpiote.o
    0x0002c07e   0x0002c07e   0x00000028   Code   RO         2808    i.nrf_gpio_cfg      nrfx_uart.o
    0x0002c0a6   0x0002c0a6   0x00000028   Code   RO         3053    i.nrf_gpio_cfg      nrfx_uarte.o
    0x0002c0ce   0x0002c0ce   0x00000028   Code   RO         3355    i.nrf_gpio_cfg      nrfx_twi.o
    0x0002c0f6   0x0002c0f6   0x0000001a   Code   RO         2810    i.nrf_gpio_cfg_input  nrfx_uart.o
    0x0002c110   0x0002c110   0x0000001a   Code   RO         3055    i.nrf_gpio_cfg_input  nrfx_uarte.o
    0x0002c12a   0x0002c12a   0x00000018   Code   RO         2811    i.nrf_gpio_cfg_output  nrfx_uart.o
    0x0002c142   0x0002c142   0x00000018   Code   RO         3056    i.nrf_gpio_cfg_output  nrfx_uarte.o
    0x0002c15a   0x0002c15a   0x00000032   Code   RO         2390    i.nrf_gpio_cfg_sense_set  nrfx_gpiote.o
    0x0002c18c   0x0002c18c   0x00000034   Code   RO         2391    i.nrf_gpio_latches_read_and_clear  nrfx_gpiote.o
    0x0002c1c0   0x0002c1c0   0x00000016   Code   RO         3273    i.nrf_gpio_pin_clear  nrf_drv_twi.o
    0x0002c1d6   0x0002c1d6   0x00000022   Code   RO         2393    i.nrf_gpio_pin_present_check  nrfx_gpiote.o
    0x0002c1f8   0x0002c1f8   0x00000018   Code   RO         2394    i.nrf_gpio_pin_read  nrfx_gpiote.o
    0x0002c210   0x0002c210   0x00000016   Code   RO         2812    i.nrf_gpio_pin_set  nrfx_uart.o
    0x0002c226   0x0002c226   0x00000016   Code   RO         3057    i.nrf_gpio_pin_set  nrfx_uarte.o
    0x0002c23c   0x0002c23c   0x00000016   Code   RO         3274    i.nrf_gpio_pin_set  nrf_drv_twi.o
    0x0002c252   0x0002c252   0x0000003a   Code   RO          599    i.nrf_gpio_pin_write  boards.o
    0x0002c28c   0x0002c28c   0x0000000c   Code   RO         2396    i.nrf_gpiote_event_addr_get  nrfx_gpiote.o
    0x0002c298   0x0002c298   0x0000001c   Code   RO         2397    i.nrf_gpiote_event_clear  nrfx_gpiote.o
    0x0002c2b4   0x0002c2b4   0x00000016   Code   RO         2398    i.nrf_gpiote_event_is_set  nrfx_gpiote.o
    0x0002c2ca   0x0002c2ca   0x00000002   PAD
    0x0002c2cc   0x0002c2cc   0x0000000c   Code   RO         2399    i.nrf_gpiote_int_enable  nrfx_gpiote.o
    0x0002c2d8   0x0002c2d8   0x00000054   Code   RO         5526    i.nrf_log_backend_add  nrf_log_frontend.o
    0x0002c32c   0x0002c32c   0x00000002   Code   RO         5377    i.nrf_log_backend_rtt_flush  nrf_log_backend_rtt.o
    0x0002c32e   0x0002c32e   0x00000008   Code   RO         5378    i.nrf_log_backend_rtt_init  nrf_log_backend_rtt.o
    0x0002c336   0x0002c336   0x00000002   Code   RO         5379    i.nrf_log_backend_rtt_panic_set  nrf_log_backend_rtt.o
    0x0002c338   0x0002c338   0x00000020   Code   RO         5380    i.nrf_log_backend_rtt_put  nrf_log_backend_rtt.o
    0x0002c358   0x0002c358   0x000000f2   Code   RO         5448    i.nrf_log_backend_serial_put  nrf_log_backend_serial.o
    0x0002c44a   0x0002c44a   0x00000002   PAD
    0x0002c44c   0x0002c44c   0x00000038   Code   RO         5528    i.nrf_log_color_id_get  nrf_log_frontend.o
    0x0002c484   0x0002c484   0x00000028   Code   RO         5482    i.nrf_log_default_backends_init  nrf_log_default_backends.o
    0x0002c4ac   0x0002c4ac   0x0000031c   Code   RO         5529    i.nrf_log_frontend_dequeue  nrf_log_frontend.o
    0x0002c7c8   0x0002c7c8   0x00000014   Code   RO         5531    i.nrf_log_frontend_std_0  nrf_log_frontend.o
    0x0002c7dc   0x0002c7dc   0x00000018   Code   RO         5532    i.nrf_log_frontend_std_1  nrf_log_frontend.o
    0x0002c7f4   0x0002c7f4   0x00000020   Code   RO         5533    i.nrf_log_frontend_std_2  nrf_log_frontend.o
    0x0002c814   0x0002c814   0x00000028   Code   RO         5534    i.nrf_log_frontend_std_3  nrf_log_frontend.o
    0x0002c83c   0x0002c83c   0x000000bc   Code   RO         5722    i.nrf_log_hexdump_entry_process  nrf_log_str_formatter.o
    0x0002c8f8   0x0002c8f8   0x00000048   Code   RO         5538    i.nrf_log_init      nrf_log_frontend.o
    0x0002c940   0x0002c940   0x00000014   Code   RO         5539    i.nrf_log_module_cnt_get  nrf_log_frontend.o
    0x0002c954   0x0002c954   0x00000024   Code   RO         5543    i.nrf_log_module_name_get  nrf_log_frontend.o
    0x0002c978   0x0002c978   0x00000034   Code   RO         5544    i.nrf_log_panic     nrf_log_frontend.o
    0x0002c9ac   0x0002c9ac   0x000000c8   Code   RO         5723    i.nrf_log_std_entry_process  nrf_log_str_formatter.o
    0x0002ca74   0x0002ca74   0x0000007a   Code   RO         4918    i.nrf_memobj_alloc  nrf_memobj.o
    0x0002caee   0x0002caee   0x00000040   Code   RO         4919    i.nrf_memobj_free   nrf_memobj.o
    0x0002cb2e   0x0002cb2e   0x00000010   Code   RO         4920    i.nrf_memobj_get    nrf_memobj.o
    0x0002cb3e   0x0002cb3e   0x0000000c   Code   RO         4921    i.nrf_memobj_pool_init  nrf_memobj.o
    0x0002cb4a   0x0002cb4a   0x0000001e   Code   RO         4922    i.nrf_memobj_put    nrf_memobj.o
    0x0002cb68   0x0002cb68   0x00000022   Code   RO         4923    i.nrf_memobj_read   nrf_memobj.o
    0x0002cb8a   0x0002cb8a   0x00000022   Code   RO         4924    i.nrf_memobj_write  nrf_memobj.o
    0x0002cbac   0x0002cbac   0x00000040   Code   RO         4997    i.nrf_pwr_mgmt_init  nrf_pwr_mgmt.o
    0x0002cbec   0x0002cbec   0x0000006c   Code   RO         4998    i.nrf_pwr_mgmt_run  nrf_pwr_mgmt.o
    0x0002cc58   0x0002cc58   0x00000010   Code   RO           26    i.nrf_qwr_error_handler  main.o
    0x0002cc68   0x0002cc68   0x0000001c   Code   RO         5080    i.nrf_ringbuf_init  nrf_ringbuf.o
    0x0002cc84   0x0002cc84   0x0000000c   Code   RO         4269    i.nrf_rtc_cc_get    drv_rtc.o
    0x0002cc90   0x0002cc90   0x0000000a   Code   RO         4270    i.nrf_rtc_cc_set    drv_rtc.o
    0x0002cc9a   0x0002cc9a   0x00000008   Code   RO         4271    i.nrf_rtc_counter_get  drv_rtc.o
    0x0002cca2   0x0002cca2   0x0000000e   Code   RO         4272    i.nrf_rtc_event_clear  drv_rtc.o
    0x0002ccb0   0x0002ccb0   0x00000006   Code   RO         4273    i.nrf_rtc_event_disable  drv_rtc.o
    0x0002ccb6   0x0002ccb6   0x00000006   Code   RO         4274    i.nrf_rtc_event_enable  drv_rtc.o
    0x0002ccbc   0x0002ccbc   0x00000006   Code   RO         4275    i.nrf_rtc_int_disable  drv_rtc.o
    0x0002ccc2   0x0002ccc2   0x00000006   Code   RO         4276    i.nrf_rtc_int_enable  drv_rtc.o
    0x0002ccc8   0x0002ccc8   0x00000006   Code   RO         4277    i.nrf_rtc_task_trigger  drv_rtc.o
    0x0002ccce   0x0002ccce   0x00000002   PAD
    0x0002ccd0   0x0002ccd0   0x00000018   Code   RO         6169    i.nrf_sdh_ble_app_ram_start_get  nrf_sdh_ble.o
    0x0002cce8   0x0002cce8   0x0000019c   Code   RO         6170    i.nrf_sdh_ble_default_cfg_set  nrf_sdh_ble.o
    0x0002ce84   0x0002ce84   0x0000014c   Code   RO         6171    i.nrf_sdh_ble_enable  nrf_sdh_ble.o
    0x0002cfd0   0x0002cfd0   0x00000074   Code   RO         6172    i.nrf_sdh_ble_evts_poll  nrf_sdh_ble.o
    0x0002d044   0x0002d044   0x00000084   Code   RO         6041    i.nrf_sdh_enable_request  nrf_sdh.o
    0x0002d0c8   0x0002d0c8   0x00000030   Code   RO         6042    i.nrf_sdh_evts_poll  nrf_sdh.o
    0x0002d0f8   0x0002d0f8   0x0000000c   Code   RO         6043    i.nrf_sdh_is_enabled  nrf_sdh.o
    0x0002d104   0x0002d104   0x00000054   Code   RO         6228    i.nrf_sdh_soc_evts_poll  nrf_sdh_soc.o
    0x0002d158   0x0002d158   0x00000006   Code   RO         6048    i.nrf_section_iter_get  nrf_sdh.o
    0x0002d15e   0x0002d15e   0x00000014   Code   RO         5138    i.nrf_section_iter_init  nrf_section_iter.o
    0x0002d172   0x0002d172   0x0000002e   Code   RO         5139    i.nrf_section_iter_item_set  nrf_section_iter.o
    0x0002d1a0   0x0002d1a0   0x0000002e   Code   RO         5140    i.nrf_section_iter_next  nrf_section_iter.o
    0x0002d1ce   0x0002d1ce   0x00000028   Code   RO         5173    i.nrf_sortlist_add  nrf_sortlist.o
    0x0002d1f6   0x0002d1f6   0x00000008   Code   RO         5175    i.nrf_sortlist_peek  nrf_sortlist.o
    0x0002d1fe   0x0002d1fe   0x00000018   Code   RO         5176    i.nrf_sortlist_pop  nrf_sortlist.o
    0x0002d216   0x0002d216   0x00000026   Code   RO         5177    i.nrf_sortlist_remove  nrf_sortlist.o
    0x0002d23c   0x0002d23c   0x00000040   Code   RO         5229    i.nrf_strerror_find  nrf_strerror.o
    0x0002d27c   0x0002d27c   0x0000001c   Code   RO         5230    i.nrf_strerror_get  nrf_strerror.o
    0x0002d298   0x0002d298   0x00000008   Code   RO         3357    i.nrf_twi_disable   nrfx_twi.o
    0x0002d2a0   0x0002d2a0   0x00000008   Code   RO         3358    i.nrf_twi_enable    nrfx_twi.o
    0x0002d2a8   0x0002d2a8   0x0000000c   Code   RO         3359    i.nrf_twi_errorsrc_get_and_clear  nrfx_twi.o
    0x0002d2b4   0x0002d2b4   0x0000000e   Code   RO         3360    i.nrf_twi_event_check  nrfx_twi.o
    0x0002d2c2   0x0002d2c2   0x0000000e   Code   RO         3361    i.nrf_twi_event_clear  nrfx_twi.o
    0x0002d2d0   0x0002d2d0   0x00000006   Code   RO         3362    i.nrf_twi_int_disable  nrfx_twi.o
    0x0002d2d6   0x0002d2d6   0x00000006   Code   RO         3363    i.nrf_twi_int_enable  nrfx_twi.o
    0x0002d2dc   0x0002d2dc   0x00000006   Code   RO         3364    i.nrf_twi_shorts_set  nrfx_twi.o
    0x0002d2e2   0x0002d2e2   0x00000006   Code   RO         3365    i.nrf_twi_task_trigger  nrfx_twi.o
    0x0002d2e8   0x0002d2e8   0x0000000c   Code   RO         2813    i.nrf_uart_errorsrc_get_and_clear  nrfx_uart.o
    0x0002d2f4   0x0002d2f4   0x0000000e   Code   RO         2814    i.nrf_uart_event_check  nrfx_uart.o
    0x0002d302   0x0002d302   0x0000000e   Code   RO         2815    i.nrf_uart_event_clear  nrfx_uart.o
    0x0002d310   0x0002d310   0x0000000a   Code   RO         2816    i.nrf_uart_hwfc_pins_set  nrfx_uart.o
    0x0002d31a   0x0002d31a   0x00000006   Code   RO         2817    i.nrf_uart_int_disable  nrfx_uart.o
    0x0002d320   0x0002d320   0x00000006   Code   RO         2818    i.nrf_uart_int_enable  nrfx_uart.o
    0x0002d326   0x0002d326   0x00000012   Code   RO         2819    i.nrf_uart_int_enable_check  nrfx_uart.o
    0x0002d338   0x0002d338   0x00000006   Code   RO         2820    i.nrf_uart_task_trigger  nrfx_uart.o
    0x0002d33e   0x0002d33e   0x0000000a   Code   RO         2821    i.nrf_uart_txrx_pins_set  nrfx_uart.o
    0x0002d348   0x0002d348   0x0000000c   Code   RO         3058    i.nrf_uarte_errorsrc_get_and_clear  nrfx_uarte.o
    0x0002d354   0x0002d354   0x0000000e   Code   RO         3059    i.nrf_uarte_event_check  nrfx_uarte.o
    0x0002d362   0x0002d362   0x0000000e   Code   RO         3060    i.nrf_uarte_event_clear  nrfx_uarte.o
    0x0002d370   0x0002d370   0x0000000c   Code   RO         3061    i.nrf_uarte_hwfc_pins_set  nrfx_uarte.o
    0x0002d37c   0x0002d37c   0x00000006   Code   RO         3062    i.nrf_uarte_int_disable  nrfx_uarte.o
    0x0002d382   0x0002d382   0x00000006   Code   RO         3063    i.nrf_uarte_int_enable  nrfx_uarte.o
    0x0002d388   0x0002d388   0x0000000a   Code   RO         3064    i.nrf_uarte_rx_amount_get  nrfx_uarte.o
    0x0002d392   0x0002d392   0x0000000c   Code   RO         3065    i.nrf_uarte_shorts_disable  nrfx_uarte.o
    0x0002d39e   0x0002d39e   0x00000006   Code   RO         3066    i.nrf_uarte_task_trigger  nrfx_uarte.o
    0x0002d3a4   0x0002d3a4   0x0000000a   Code   RO         3067    i.nrf_uarte_tx_amount_get  nrfx_uarte.o
    0x0002d3ae   0x0002d3ae   0x0000000e   Code   RO         3068    i.nrf_uarte_txrx_pins_set  nrfx_uarte.o
    0x0002d3bc   0x0002d3bc   0x00000014   Code   RO         1867    i.nrf_wdt_started   nrf_drv_clock.o
    0x0002d3d0   0x0002d3d0   0x00000040   Code   RO         2219    i.nrfx_clock_anomaly_132  nrfx_clock.o
    0x0002d410   0x0002d410   0x00000014   Code   RO         2224    i.nrfx_clock_enable  nrfx_clock.o
    0x0002d424   0x0002d424   0x00000024   Code   RO         2227    i.nrfx_clock_init   nrfx_clock.o
    0x0002d448   0x0002d448   0x0000001c   Code   RO         2229    i.nrfx_clock_lfclk_start  nrfx_clock.o
    0x0002d464   0x0002d464   0x0000002c   Code   RO         2230    i.nrfx_clock_lfclk_stop  nrfx_clock.o
    0x0002d490   0x0002d490   0x00000018   Code   RO         3275    i.nrfx_coredep_delay_us  nrf_drv_twi.o
    0x0002d4a8   0x0002d4a8   0x00000018   Code   RO         4278    i.nrfx_coredep_delay_us  drv_rtc.o
    0x0002d4c0   0x0002d4c0   0x00000008   Code   RO         2232    i.nrfx_get_irq_number  nrfx_clock.o
    0x0002d4c8   0x0002d4c8   0x00000008   Code   RO         2402    i.nrfx_get_irq_number  nrfx_gpiote.o
    0x0002d4d0   0x0002d4d0   0x00000008   Code   RO         2822    i.nrfx_get_irq_number  nrfx_uart.o
    0x0002d4d8   0x0002d4d8   0x00000008   Code   RO         3069    i.nrfx_get_irq_number  nrfx_uarte.o
    0x0002d4e0   0x0002d4e0   0x00000008   Code   RO         3366    i.nrfx_get_irq_number  nrfx_twi.o
    0x0002d4e8   0x0002d4e8   0x000000ac   Code   RO         2408    i.nrfx_gpiote_in_event_enable  nrfx_gpiote.o
    0x0002d594   0x0002d594   0x000000f4   Code   RO         2410    i.nrfx_gpiote_in_init  nrfx_gpiote.o
    0x0002d688   0x0002d688   0x00000014   Code   RO         2411    i.nrfx_gpiote_in_is_set  nrfx_gpiote.o
    0x0002d69c   0x0002d69c   0x000000d4   Code   RO         2413    i.nrfx_gpiote_init  nrfx_gpiote.o
    0x0002d770   0x0002d770   0x00000014   Code   RO         2414    i.nrfx_gpiote_is_init  nrfx_gpiote.o
    0x0002d784   0x0002d784   0x00000014   Code   RO         3070    i.nrfx_is_in_ram    nrfx_uarte.o
    0x0002d798   0x0002d798   0x000000b0   Code   RO         2233    i.nrfx_power_clock_irq_init  nrfx_clock.o
    0x0002d848   0x0002d848   0x0000004e   Code   RO         2752    i.nrfx_prs_acquire  nrfx_prs.o
    0x0002d896   0x0002d896   0x00000002   PAD
    0x0002d898   0x0002d898   0x00000024   Code   RO         3369    i.nrfx_twi_enable   nrfx_twi.o
    0x0002d8bc   0x0002d8bc   0x00000124   Code   RO         3370    i.nrfx_twi_init     nrfx_twi.o
    0x0002d9e0   0x0002d9e0   0x0000003e   Code   RO         3374    i.nrfx_twi_tx       nrfx_twi.o
    0x0002da1e   0x0002da1e   0x00000002   PAD
    0x0002da20   0x0002da20   0x00000030   Code   RO         3376    i.nrfx_twi_xfer     nrfx_twi.o
    0x0002da50   0x0002da50   0x00000014   Code   RO         2823    i.nrfx_uart_0_irq_handler  nrfx_uart.o
    0x0002da64   0x0002da64   0x00000088   Code   RO         2825    i.nrfx_uart_init    nrfx_uart.o
    0x0002daec   0x0002daec   0x00000124   Code   RO         2826    i.nrfx_uart_rx      nrfx_uart.o
    0x0002dc10   0x0002dc10   0x0000008c   Code   RO         2831    i.nrfx_uart_tx      nrfx_uart.o
    0x0002dc9c   0x0002dc9c   0x00000024   Code   RO         2833    i.nrfx_uart_tx_in_progress  nrfx_uart.o
    0x0002dcc0   0x0002dcc0   0x00000014   Code   RO         3071    i.nrfx_uarte_0_irq_handler  nrfx_uarte.o
    0x0002dcd4   0x0002dcd4   0x00000080   Code   RO         3073    i.nrfx_uarte_init   nrfx_uarte.o
    0x0002dd54   0x0002dd54   0x00000138   Code   RO         3074    i.nrfx_uarte_rx     nrfx_uarte.o
    0x0002de8c   0x0002de8c   0x000000c0   Code   RO         3077    i.nrfx_uarte_tx     nrfx_uarte.o
    0x0002df4c   0x0002df4c   0x00000020   Code   RO         3079    i.nrfx_uarte_tx_in_progress  nrfx_uarte.o
    0x0002df6c   0x0002df6c   0x0000003c   Code   RO           27    i.nus_data_handler  main.o
    0x0002dfa8   0x0002dfa8   0x00000014   Code   RO         6774    i.nvmc_config       system_nrf52.o
    0x0002dfbc   0x0002dfbc   0x00000010   Code   RO         6775    i.nvmc_wait         system_nrf52.o
    0x0002dfcc   0x0002dfcc   0x00000032   Code   RO           28    i.on_adv_evt        main.o
    0x0002dffe   0x0002dffe   0x00000002   PAD
    0x0002e000   0x0002e000   0x00000014   Code   RO         3941    i.on_compare1_evt   app_timer2.o
    0x0002e014   0x0002e014   0x00000020   Code   RO         3942    i.on_compare_evt    app_timer2.o
    0x0002e034   0x0002e034   0x0000002c   Code   RO           29    i.on_conn_params_evt  main.o
    0x0002e060   0x0002e060   0x00000030   Code   RO         1228    i.on_conn_params_update  ble_conn_params.o
    0x0002e090   0x0002e090   0x00000070   Code   RO         1229    i.on_connect        ble_conn_params.o
    0x0002e100   0x0002e100   0x00000074   Code   RO         1788    i.on_connect        ble_nus.o
    0x0002e174   0x0002e174   0x0000000e   Code   RO         1078    i.on_connected      ble_advertising.o
    0x0002e182   0x0002e182   0x00000002   PAD
    0x0002e184   0x0002e184   0x000000c4   Code   RO         1616    i.on_connected_evt  nrf_ble_gatt.o
    0x0002e248   0x0002e248   0x00000054   Code   RO         1617    i.on_data_length_update_evt  nrf_ble_gatt.o
    0x0002e29c   0x0002e29c   0x00000030   Code   RO         1618    i.on_data_length_update_request_evt  nrf_ble_gatt.o
    0x0002e2cc   0x0002e2cc   0x00000032   Code   RO         1230    i.on_disconnect     ble_conn_params.o
    0x0002e2fe   0x0002e2fe   0x00000032   Code   RO         1079    i.on_disconnected   ble_advertising.o
    0x0002e330   0x0002e330   0x00000014   Code   RO         1619    i.on_disconnected_evt  nrf_ble_gatt.o
    0x0002e344   0x0002e344   0x000000c8   Code   RO         1620    i.on_exchange_mtu_request_evt  nrf_ble_gatt.o
    0x0002e40c   0x0002e40c   0x00000064   Code   RO         1621    i.on_exchange_mtu_rsp_evt  nrf_ble_gatt.o
    0x0002e470   0x0002e470   0x00000048   Code   RO         1789    i.on_hvx_tx_complete  ble_nus.o
    0x0002e4b8   0x0002e4b8   0x0000001c   Code   RO         3943    i.on_overflow_evt   app_timer2.o
    0x0002e4d4   0x0002e4d4   0x0000006a   Code   RO         1732    i.on_rw_authorize_request  nrf_ble_qwr.o
    0x0002e53e   0x0002e53e   0x00000040   Code   RO         1080    i.on_terminated     ble_advertising.o
    0x0002e57e   0x0002e57e   0x00000002   Code   RO         1733    i.on_user_mem_release  nrf_ble_qwr.o
    0x0002e580   0x0002e580   0x00000020   Code   RO         1734    i.on_user_mem_request  nrf_ble_qwr.o
    0x0002e5a0   0x0002e5a0   0x00000058   Code   RO         1231    i.on_write          ble_conn_params.o
    0x0002e5f8   0x0002e5f8   0x00000094   Code   RO         1790    i.on_write          ble_nus.o
    0x0002e68c   0x0002e68c   0x00000016   Code   RO         1081    i.phy_is_valid      ble_advertising.o
    0x0002e6a2   0x0002e6a2   0x00000002   PAD
    0x0002e6a4   0x0002e6a4   0x00000020   Code   RO         2432    i.pin_configured_set  nrfx_gpiote.o
    0x0002e6c4   0x0002e6c4   0x0000001c   Code   RO         2433    i.pin_in_use_by_gpiote  nrfx_gpiote.o
    0x0002e6e0   0x0002e6e0   0x00000018   Code   RO         2434    i.pin_in_use_by_port  nrfx_gpiote.o
    0x0002e6f8   0x0002e6f8   0x00000020   Code   RO         2435    i.pin_in_use_by_te  nrfx_gpiote.o
    0x0002e718   0x0002e718   0x0000000c   Code   RO         2436    i.pin_in_use_clear  nrfx_gpiote.o
    0x0002e724   0x0002e724   0x000000c0   Code   RO         2437    i.port_event_handle  nrfx_gpiote.o
    0x0002e7e4   0x0002e7e4   0x00000010   Code   RO         2438    i.port_handler_pin_get  nrfx_gpiote.o
    0x0002e7f4   0x0002e7f4   0x00000010   Code   RO         2439    i.port_handler_polarity_get  nrfx_gpiote.o
    0x0002e804   0x0002e804   0x00000048   Code   RO         5725    i.postfix_process   nrf_log_str_formatter.o
    0x0002e84c   0x0002e84c   0x0000001c   Code   RO           30    i.power_management_init  main.o
    0x0002e868   0x0002e868   0x000000a4   Code   RO         5726    i.prefix_process    nrf_log_str_formatter.o
    0x0002e90c   0x0002e90c   0x00000034   Code   RO           31    i.processDataReceiver  main.o
    0x0002e940   0x0002e940   0x00000018   Code   RO         2754    i.prs_box_get       nrfx_prs.o
    0x0002e958   0x0002e958   0x00000010   Code   RO         6173    i.ram_end_address_get  nrf_sdh_ble.o
    0x0002e968   0x0002e968   0x00000028   Code   RO         1341    i.record_activate   ble_conn_state.o
    0x0002e990   0x0002e990   0x00000020   Code   RO         1342    i.record_invalidate  ble_conn_state.o
    0x0002e9b0   0x0002e9b0   0x00000048   Code   RO         1343    i.record_purge_disconnected  ble_conn_state.o
    0x0002e9f8   0x0002e9f8   0x00000014   Code   RO         1344    i.record_set_disconnected  ble_conn_state.o
    0x0002ea0c   0x0002ea0c   0x0000003c   Code   RO           32    i.remove_handler    main.o
    0x0002ea48   0x0002ea48   0x00000020   Code   RO           33    i.reset_handler     main.o
    0x0002ea68   0x0002ea68   0x00000054   Code   RO           34    i.reset_struct_data_3_zone  main.o
    0x0002eabc   0x0002eabc   0x00000012   Code   RO         5344    i.ring_buff_available  ringbuffer.o
    0x0002eace   0x0002eace   0x0000000c   Code   RO         5345    i.ring_buff_init    ringbuffer.o
    0x0002eada   0x0002eada   0x00000030   Code   RO         5346    i.ring_buff_pop     ringbuffer.o
    0x0002eb0a   0x0002eb0a   0x0000002c   Code   RO         5347    i.ring_buff_push    ringbuffer.o
    0x0002eb36   0x0002eb36   0x0000003e   Code   RO         3944    i.rtc_irq           app_timer2.o
    0x0002eb74   0x0002eb74   0x0000007c   Code   RO         3945    i.rtc_schedule      app_timer2.o
    0x0002ebf0   0x0002ebf0   0x000000a4   Code   RO         3946    i.rtc_update        app_timer2.o
    0x0002ec94   0x0002ec94   0x0000003e   Code   RO         2836    i.rx_byte           nrfx_uart.o
    0x0002ecd2   0x0002ecd2   0x0000001c   Code   RO         2837    i.rx_done_event     nrfx_uart.o
    0x0002ecee   0x0002ecee   0x0000001c   Code   RO         3082    i.rx_done_event     nrfx_uarte.o
    0x0002ed0a   0x0002ed0a   0x00000022   Code   RO         2838    i.rx_enable         nrfx_uart.o
    0x0002ed2c   0x0002ed2c   0x000000a4   Code   RO         6050    i.sd_nvic_EnableIRQ  nrf_sdh.o
    0x0002edd0   0x0002edd0   0x00000068   Code   RO         4176    i.sd_nvic_critical_region_enter  app_util_platform.o
    0x0002ee38   0x0002ee38   0x00000090   Code   RO         1868    i.sd_state_evt_handler  nrf_drv_clock.o
    0x0002eec8   0x0002eec8   0x0000003c   Code   RO         6051    i.sdh_request_observer_notify  nrf_sdh.o
    0x0002ef04   0x0002ef04   0x00000034   Code   RO         6052    i.sdh_state_observer_notify  nrf_sdh.o
    0x0002ef38   0x0002ef38   0x00000018   Code   RO         1232    i.send_error_evt    ble_conn_params.o
    0x0002ef50   0x0002ef50   0x00000024   Code   RO         1233    i.send_update_request  ble_conn_params.o
    0x0002ef74   0x0002ef74   0x00000084   Code   RO         5381    i.serial_tx         nrf_log_backend_rtt.o
    0x0002eff8   0x0002eff8   0x00000096   Code   RO          950    i.service_data_encode  ble_advdata.o
    0x0002f08e   0x0002f08e   0x00000002   PAD
    0x0002f090   0x0002f090   0x0000005c   Code   RO           35    i.services_init     main.o
    0x0002f0ec   0x0002f0ec   0x00000030   Code   RO         1082    i.set_adv_mode_directed  ble_advertising.o
    0x0002f11c   0x0002f11c   0x00000024   Code   RO         1083    i.set_adv_mode_directed_high_duty  ble_advertising.o
    0x0002f140   0x0002f140   0x0000005c   Code   RO         1084    i.set_adv_mode_fast  ble_advertising.o
    0x0002f19c   0x0002f19c   0x0000005c   Code   RO         1085    i.set_adv_mode_slow  ble_advertising.o
    0x0002f1f8   0x0002f1f8   0x000000be   Code   RO         1542    i.set_security_req  ble_srv_common.o
    0x0002f2b6   0x0002f2b6   0x0000004c   Code   RO           36    i.sleep_mode_enter  main.o
    0x0002f302   0x0002f302   0x00000002   PAD
    0x0002f304   0x0002f304   0x0000001c   Code   RO         1869    i.soc_evt_handler   nrf_drv_clock.o
    0x0002f320   0x0002f320   0x0000001e   Code   RO         6054    i.softdevices_evt_irq_enable  nrf_sdh.o
    0x0002f33e   0x0002f33e   0x00000014   Code   RO         3947    i.sorted_list_stop_all  app_timer2.o
    0x0002f352   0x0002f352   0x00000002   PAD
    0x0002f354   0x0002f354   0x00000018   Code   RO         3948    i.sortlist_pop      app_timer2.o
    0x0002f36c   0x0002f36c   0x00000026   Code   RO          828    i.startup_event_extract  bsp_btn_ble.o
    0x0002f392   0x0002f392   0x00000002   PAD
    0x0002f394   0x0002f394   0x00000020   Code   RO         3593    i.state_get         app_button.o
    0x0002f3b4   0x0002f3b4   0x00000048   Code   RO         3594    i.state_set         app_button.o
    0x0002f3fc   0x0002f3fc   0x00000064   Code   RO         5546    i.std_header_set    nrf_log_frontend.o
    0x0002f460   0x0002f460   0x00000070   Code   RO         5547    i.std_n             nrf_log_frontend.o
    0x0002f4d0   0x0002f4d0   0x00000074   Code   RO         4875    i.string_print      nrf_fprintf_format.o
    0x0002f544   0x0002f544   0x00000134   Code   RO           37    i.table_convert_to_command_id  main.o
    0x0002f678   0x0002f678   0x0000000a   Code   RO         4279    i.ticks_sub         drv_rtc.o
    0x0002f682   0x0002f682   0x00000002   PAD
    0x0002f684   0x0002f684   0x0000006c   Code   RO         3949    i.timer_expire      app_timer2.o
    0x0002f6f0   0x0002f6f0   0x0000037c   Code   RO           38    i.timer_manage_display_lcd_handler  main.o
    0x0002fa6c   0x0002fa6c   0x00000094   Code   RO         3950    i.timer_req_process  app_timer2.o
    0x0002fb00   0x0002fb00   0x00000040   Code   RO         3951    i.timer_req_schedule  app_timer2.o
    0x0002fb40   0x0002fb40   0x00000002   Code   RO           39    i.timer_send_form_peripheral_to_central_handler  main.o
    0x0002fb42   0x0002fb42   0x00000002   PAD
    0x0002fb44   0x0002fb44   0x00000020   Code   RO         3595    i.timer_start       app_button.o
    0x0002fb64   0x0002fb64   0x00000a5c   Code   RO           40    i.timer_update_status_BLE_device_handler  main.o
    0x000305c0   0x000305c0   0x0000001c   Code   RO           41    i.timers_init       main.o
    0x000305dc   0x000305dc   0x00000002   Code   RO         5727    i.timestamp_print   nrf_log_str_formatter.o
    0x000305de   0x000305de   0x00000002   PAD
    0x000305e0   0x000305e0   0x00000098   Code   RO         3276    i.twi_clear_bus     nrf_drv_twi.o
    0x00030678   0x00030678   0x00000048   Code   RO         3277    i.twi_evt_handler   nrf_drv_twi.o
    0x000306c0   0x000306c0   0x00000018   Code   RO         6266    i.twi_handler       i2c.o
    0x000306d8   0x000306d8   0x000000da   Code   RO         3377    i.twi_irq_handler   nrfx_twi.o
    0x000307b2   0x000307b2   0x00000024   Code   RO         3378    i.twi_process_error  nrfx_twi.o
    0x000307d6   0x000307d6   0x0000007e   Code   RO         3379    i.twi_receive_byte  nrfx_twi.o
    0x00030854   0x00030854   0x000000e0   Code   RO         3380    i.twi_rx_start_transfer  nrfx_twi.o
    0x00030934   0x00030934   0x00000056   Code   RO         3381    i.twi_send_byte     nrfx_twi.o
    0x0003098a   0x0003098a   0x0000012c   Code   RO         3382    i.twi_transfer      nrfx_twi.o
    0x00030ab6   0x00030ab6   0x00000002   PAD
    0x00030ab8   0x00030ab8   0x000000cc   Code   RO         3383    i.twi_tx_start_transfer  nrfx_twi.o
    0x00030b84   0x00030b84   0x000000c0   Code   RO         3384    i.twi_xfer          nrfx_twi.o
    0x00030c44   0x00030c44   0x00000036   Code   RO         2839    i.tx_blocking       nrfx_uart.o
    0x00030c7a   0x00030c7a   0x00000026   Code   RO         2840    i.tx_byte           nrfx_uart.o
    0x00030ca0   0x00030ca0   0x00000020   Code   RO         2841    i.tx_done_event     nrfx_uart.o
    0x00030cc0   0x00030cc0   0x00000020   Code   RO         3083    i.tx_done_event     nrfx_uarte.o
    0x00030ce0   0x00030ce0   0x00000036   Code   RO          951    i.tx_power_level_encode  ble_advdata.o
    0x00030d16   0x00030d16   0x00000002   PAD
    0x00030d18   0x00030d18   0x000001b8   Code   RO           42    i.uart_event_handle  main.o
    0x00030ed0   0x00030ed0   0x000000e4   Code   RO         4095    i.uart_event_handler  app_uart_fifo.o
    0x00030fb4   0x00030fb4   0x00000038   Code   RO         2020    i.uart_evt_handler  nrf_drv_uart.o
    0x00030fec   0x00030fec   0x0000005c   Code   RO           43    i.uart_init         main.o
    0x00031048   0x00031048   0x0000014e   Code   RO         2842    i.uart_irq_handler  nrfx_uart.o
    0x00031196   0x00031196   0x00000002   PAD
    0x00031198   0x00031198   0x00000038   Code   RO         2021    i.uarte_evt_handler  nrf_drv_uart.o
    0x000311d0   0x000311d0   0x00000134   Code   RO         3084    i.uarte_irq_handler  nrfx_uarte.o
    0x00031304   0x00031304   0x0000000c   Code   RO         1543    i.uint16_decode     ble_srv_common.o
    0x00031310   0x00031310   0x0000000c   Code   RO          952    i.uint16_encode     ble_advdata.o
    0x0003131c   0x0003131c   0x000000b8   Code   RO         4876    i.unsigned_print    nrf_fprintf_format.o
    0x000313d4   0x000313d4   0x00000074   Code   RO         1234    i.update_timeout_handler  ble_conn_params.o
    0x00031448   0x00031448   0x0000001e   Code   RO         1086    i.use_whitelist     ble_advertising.o
    0x00031466   0x00031466   0x0000002c   Code   RO         1735    i.user_mem_reply    nrf_ble_qwr.o
    0x00031492   0x00031492   0x0000001e   Code   RO         3596    i.usr_event         app_button.o
    0x000314b0   0x000314b0   0x0000004e   Code   RO          953    i.uuid_list_encode  ble_advdata.o
    0x000314fe   0x000314fe   0x000000d6   Code   RO          954    i.uuid_list_sized_encode  ble_advdata.o
    0x000315d4   0x000315d4   0x00000056   Code   RO          723    i.wakeup_button_cfg  bsp.o
    0x0003162a   0x0003162a   0x00000008   Code   RO         1087    i.whitelist_has_entries  ble_advertising.o
    0x00031632   0x00031632   0x00000022   Code   RO         3385    i.xfer_completeness_check  nrfx_twi.o
    0x00031654   0x00031654   0x00000024   Data   RO           45    .constdata          main.o
    0x00031678   0x00031678   0x00000008   Data   RO          600    .constdata          boards.o
    0x00031680   0x00031680   0x0000002c   Data   RO          725    .constdata          bsp.o
    0x000316ac   0x000316ac   0x00000016   Data   RO         1622    .constdata          nrf_ble_gatt.o
    0x000316c2   0x000316c2   0x00000002   PAD
    0x000316c4   0x000316c4   0x00000010   Data   RO         1791    .constdata          ble_nus.o
    0x000316d4   0x000316d4   0x0000003e   Data   RO         2441    .constdata          nrfx_gpiote.o
    0x00031712   0x00031712   0x00000002   PAD
    0x00031714   0x00031714   0x0000002e   Data   RO         2844    .constdata          nrfx_uart.o
    0x00031742   0x00031742   0x00000002   PAD
    0x00031744   0x00031744   0x00000030   Data   RO         3086    .constdata          nrfx_uarte.o
    0x00031774   0x00031774   0x0000000c   PAD
    0x00031780   0x00031780   0x00000006   Data   RO         3279    .constdata          nrf_drv_twi.o
    0x00031786   0x00031786   0x00000002   PAD
    0x00031788   0x00031788   0x00000044   Data   RO         3387    .constdata          nrfx_twi.o
    0x000317cc   0x000317cc   0x00000007   Data   RO         3598    .constdata          app_button.o
    0x000317d3   0x000317d3   0x00000001   PAD
    0x000317d4   0x000317d4   0x00000014   Data   RO         3953    .constdata          app_timer2.o
    0x000317e8   0x000317e8   0x00000020   Data   RO         4097    .constdata          app_uart_fifo.o
    0x00031808   0x00031808   0x00000008   PAD
    0x00031810   0x00031810   0x00000006   Data   RO         4280    .constdata          drv_rtc.o
    0x00031816   0x00031816   0x00000010   Data   RO         4877    .constdata          nrf_fprintf_format.o
    0x00031826   0x00031826   0x00000002   PAD
    0x00031828   0x00031828   0x00000024   Data   RO         5002    .constdata          nrf_pwr_mgmt.o
    0x0003184c   0x0003184c   0x0000013c   Data   RO         5231    .constdata          nrf_strerror.o
    0x00031988   0x00031988   0x00000008   PAD
    0x00031990   0x00031990   0x00000016   Data   RO         5383    .constdata          nrf_log_backend_rtt.o
    0x000319a6   0x000319a6   0x00000002   PAD
    0x000319a8   0x000319a8   0x0000000c   Data   RO         5549    .constdata          nrf_log_frontend.o
    0x000319b4   0x000319b4   0x00000058   Data   RO         6055    .constdata          nrf_sdh.o
    0x00031a0c   0x00031a0c   0x00000030   Data   RO         6174    .constdata          nrf_sdh_ble.o
    0x00031a3c   0x00031a3c   0x0000001c   Data   RO         6229    .constdata          nrf_sdh_soc.o
    0x00031a58   0x00031a58   0x00000020   Data   RO         6268    .constdata          i2c.o
    0x00031a78   0x00031a78   0x00000008   PAD
    0x00031a80   0x00031a80   0x00000006   Data   RO         6334    .constdata          lcd_i2c.o
    0x00031a86   0x00031a86   0x00000081   Data   RO         8308    .constdata          mc_w.l(ctype_o.o)
    0x00031b07   0x00031b07   0x00000001   PAD
    0x00031b08   0x00031b08   0x00000004   Data   RO         8309    .constdata          mc_w.l(ctype_o.o)
    0x00031b0c   0x00031b0c   0x000000a2   Data   RO         1623    .conststring        nrf_ble_gatt.o
    0x00031bae   0x00031bae   0x00000002   PAD
    0x00031bb0   0x00031bb0   0x000003eb   Data   RO         5232    .conststring        nrf_strerror.o
    0x00031f9b   0x00031f9b   0x00000001   PAD
    0x00031f9c   0x00031f9c   0x00000066   Data   RO         5728    .conststring        nrf_log_str_formatter.o
    0x00032002   0x00032002   0x00000002   PAD
    0x00032004   0x00032004   0x000001cf   Data   RO         6175    .conststring        nrf_sdh_ble.o
    0x000321d3   0x000321d3   0x00000001   PAD
    0x000321d4   0x000321d4   0x0000000d   Data   RO         1624    .conststrlit        nrf_ble_gatt.o
    0x000321e1   0x000321e1   0x00000003   PAD
    0x000321e4   0x000321e4   0x00000008   Data   RO         1792    .conststrlit        ble_nus.o
    0x000321ec   0x000321ec   0x00000006   Data   RO         1872    .conststrlit        nrf_drv_clock.o
    0x000321f2   0x000321f2   0x00000002   PAD
    0x000321f4   0x000321f4   0x00000006   Data   RO         2235    .conststrlit        nrfx_clock.o
    0x000321fa   0x000321fa   0x00000002   PAD
    0x000321fc   0x000321fc   0x00000007   Data   RO         2442    .conststrlit        nrfx_gpiote.o
    0x00032203   0x00032203   0x00000001   PAD
    0x00032204   0x00032204   0x00000004   Data   RO         2756    .conststrlit        nrfx_prs.o
    0x00032208   0x00032208   0x00000005   Data   RO         2845    .conststrlit        nrfx_uart.o
    0x0003220d   0x0003220d   0x00000003   PAD
    0x00032210   0x00032210   0x00000006   Data   RO         3087    .conststrlit        nrfx_uarte.o
    0x00032216   0x00032216   0x00000002   PAD
    0x00032218   0x00032218   0x00000004   Data   RO         3388    .conststrlit        nrfx_twi.o
    0x0003221c   0x0003221c   0x0000000b   Data   RO         3599    .conststrlit        app_button.o
    0x00032227   0x00032227   0x00000001   PAD
    0x00032228   0x00032228   0x0000000a   Data   RO         3954    .conststrlit        app_timer2.o
    0x00032232   0x00032232   0x00000002   PAD
    0x00032234   0x00032234   0x00000009   Data   RO         5003    .conststrlit        nrf_pwr_mgmt.o
    0x0003223d   0x0003223d   0x00000003   PAD
    0x00032240   0x00032240   0x00000009   Data   RO         5178    .conststrlit        nrf_sortlist.o
    0x00032249   0x00032249   0x00000003   PAD
    0x0003224c   0x0003224c   0x00000010   Data   RO         5483    .conststrlit        nrf_log_default_backends.o
    0x0003225c   0x0003225c   0x00000004   Data   RO         5550    .conststrlit        nrf_log_frontend.o
    0x00032260   0x00032260   0x00000008   Data   RO         6056    .conststrlit        nrf_sdh.o
    0x00032268   0x00032268   0x0000000c   Data   RO         6176    .conststrlit        nrf_sdh_ble.o
    0x00032274   0x00032274   0x0000000c   Data   RO         6230    .conststrlit        nrf_sdh_soc.o
    0x00032280   0x00032280   0x00000020   Data   RO         8662    Region$$Table       anon$$obj.o
    0x000322a0   0x000322a0   0x00000010   Data   RO         5485    log_backends        nrf_log_default_backends.o
    0x000322b0   0x000322b0   0x00000008   Data   RO         1625    log_const_data      nrf_ble_gatt.o
    0x000322b8   0x000322b8   0x00000008   Data   RO         1793    log_const_data      ble_nus.o
    0x000322c0   0x000322c0   0x00000008   Data   RO         1873    log_const_data      nrf_drv_clock.o
    0x000322c8   0x000322c8   0x00000008   Data   RO         2237    log_const_data      nrfx_clock.o
    0x000322d0   0x000322d0   0x00000008   Data   RO         2443    log_const_data      nrfx_gpiote.o
    0x000322d8   0x000322d8   0x00000008   Data   RO         2758    log_const_data      nrfx_prs.o
    0x000322e0   0x000322e0   0x00000008   Data   RO         2846    log_const_data      nrfx_uart.o
    0x000322e8   0x000322e8   0x00000008   Data   RO         3088    log_const_data      nrfx_uarte.o
    0x000322f0   0x000322f0   0x00000008   Data   RO         3389    log_const_data      nrfx_twi.o
    0x000322f8   0x000322f8   0x00000008   Data   RO         3601    log_const_data      app_button.o
    0x00032300   0x00032300   0x00000008   Data   RO         3956    log_const_data      app_timer2.o
    0x00032308   0x00032308   0x00000008   Data   RO         5005    log_const_data      nrf_pwr_mgmt.o
    0x00032310   0x00032310   0x00000008   Data   RO         5179    log_const_data      nrf_sortlist.o
    0x00032318   0x00032318   0x00000008   Data   RO         5552    log_const_data      nrf_log_frontend.o
    0x00032320   0x00032320   0x00000008   Data   RO         6058    log_const_data      nrf_sdh.o
    0x00032328   0x00032328   0x00000008   Data   RO         6178    log_const_data      nrf_sdh_ble.o
    0x00032330   0x00032330   0x00000008   Data   RO         6231    log_const_data      nrf_sdh_soc.o
    0x00032338   0x00032338   0x00000014   Data   RO         5553    nrf_balloc          nrf_log_frontend.o
    0x0003234c   0x0003234c   0x00000008   Data   RO         1347    sdh_ble_observers0  ble_conn_state.o
    0x00032354   0x00032354   0x00000010   Data   RO           47    sdh_ble_observers1  main.o
    0x00032364   0x00032364   0x00000008   Data   RO          830    sdh_ble_observers1  bsp_btn_ble.o
    0x0003236c   0x0003236c   0x00000008   Data   RO         1237    sdh_ble_observers1  ble_conn_params.o
    0x00032374   0x00032374   0x00000010   Data   RO           48    sdh_ble_observers2  main.o
    0x00032384   0x00032384   0x00000008   Data   RO           49    sdh_ble_observers3  main.o
    0x0003238c   0x0003238c   0x00000008   Data   RO         1874    sdh_soc_observers0  nrf_drv_clock.o
    0x00032394   0x00032394   0x00000008   Data   RO         6179    sdh_stack_observers0  nrf_sdh_ble.o
    0x0003239c   0x0003239c   0x00000008   Data   RO         6232    sdh_stack_observers0  nrf_sdh_soc.o
    0x000323a4   0x000323a4   0x00000008   Data   RO         1875    sdh_state_observers0  nrf_drv_clock.o


    Execution Region RW_IRAM1 (Exec base: 0x2000ad68, Load base: 0x000323ac, Size: 0x00003d68, Max: 0x0000d528, ABSOLUTE, COMPRESSED[0x00000060])

    Exec Addr    Load Addr    Size         Type   Attr      Idx    E Section Name        Object

    0x2000ad68   COMPRESSED   0x00000038   Data   RW           46    .data               main.o
    0x2000ada0   COMPRESSED   0x00000015   Data   RW          726    .data               bsp.o
    0x2000adb5   COMPRESSED   0x00000003   PAD
    0x2000adb8   COMPRESSED   0x00000008   Data   RW          829    .data               bsp_btn_ble.o
    0x2000adc0   COMPRESSED   0x00000008   Data   RW         1236    .data               ble_conn_params.o
    0x2000adc8   COMPRESSED   0x00000009   Data   RW         2022    .data               nrf_drv_uart.o
    0x2000add1   COMPRESSED   0x00000003   PAD
    0x2000add4   COMPRESSED   0x00000008   Data   RW         2236    .data               nrfx_clock.o
    0x2000addc   COMPRESSED   0x00000008   Data   RW         2757    .data               nrfx_prs.o
    0x2000ade4   COMPRESSED   0x00000010   Data   RW         3280    .data               nrf_drv_twi.o
    0x2000adf4   COMPRESSED   0x00000004   PAD
    0x2000adf8   COMPRESSED   0x00000018   Data   RW         3600    .data               app_button.o
    0x2000ae10   COMPRESSED   0x00000024   Data   RW         3955    .data               app_timer2.o
    0x2000ae34   COMPRESSED   0x0000001b   Data   RW         4098    .data               app_uart_fifo.o
    0x2000ae4f   COMPRESSED   0x00000001   PAD
    0x2000ae50   COMPRESSED   0x0000000c   Data   RW         4281    .data               drv_rtc.o
    0x2000ae5c   COMPRESSED   0x00000009   Data   RW         5004    .data               nrf_pwr_mgmt.o
    0x2000ae65   COMPRESSED   0x00000003   PAD
    0x2000ae68   COMPRESSED   0x00000008   Data   RW         5264    .data               retarget.o
    0x2000ae70   COMPRESSED   0x00000001   Data   RW         5384    .data               nrf_log_backend_rtt.o
    0x2000ae71   COMPRESSED   0x00000003   PAD
    0x2000ae74   COMPRESSED   0x00000008   Data   RW         5484    .data               nrf_log_default_backends.o
    0x2000ae7c   COMPRESSED   0x00000014   Data   RW         5551    .data               nrf_log_frontend.o
    0x2000ae90   COMPRESSED   0x00000040   Data   RW         5729    .data               nrf_log_str_formatter.o
    0x2000aed0   COMPRESSED   0x00000003   Data   RW         6057    .data               nrf_sdh.o
    0x2000aed3   COMPRESSED   0x00000001   Data   RW         6177    .data               nrf_sdh_ble.o
    0x2000aed4   COMPRESSED   0x00000002   Data   RW         6269    .data               i2c.o
    0x2000aed6   COMPRESSED   0x00000002   PAD
    0x2000aed8   COMPRESSED   0x00000004   Data   RW         6776    .data               system_nrf52.o
    0x2000aedc   COMPRESSED   0x00000004   PAD
    0x2000aee0        -       0x00000f88   Zero   RW           44    .bss                main.o
    0x2000be68        -       0x00000070   Zero   RW          724    .bss                bsp.o
    0x2000bed8        -       0x00000120   Zero   RW         1235    .bss                ble_conn_params.o
    0x2000bff8        -       0x0000007c   Zero   RW         1346    .bss                ble_conn_state.o
    0x2000c074        -       0x00000014   Zero   RW         1870    .bss                nrf_drv_clock.o
    0x2000c088        -       0x0000005c   Zero   RW         2440    .bss                nrfx_gpiote.o
    0x2000c0e4        -       0x0000002c   Zero   RW         2843    .bss                nrfx_uart.o
    0x2000c110        -       0x00000024   Zero   RW         3085    .bss                nrfx_uarte.o
    0x2000c134        -       0x00000078   Zero   RW         3386    .bss                nrfx_twi.o
    0x2000c1ac   COMPRESSED   0x00000004   PAD
    0x2000c1b0        -       0x00000030   Zero   RW         3597    .bss                app_button.o
    0x2000c1e0        -       0x00000068   Zero   RW         3952    .bss                app_timer2.o
    0x2000c248        -       0x00000020   Zero   RW         4096    .bss                app_uart_fifo.o
    0x2000c268        -       0x0000000c   Zero   RW         4177    .bss                app_util_platform.o
    0x2000c274        -       0x0000000c   Zero   RW         5001    .bss                nrf_pwr_mgmt.o
    0x2000c280        -       0x00000040   Zero   RW         5382    .bss                nrf_log_backend_rtt.o
    0x2000c2c0        -       0x00000578   Zero   RW         5548    .bss                nrf_log_frontend.o
    0x2000c838        -       0x00000288   Zero   RW         5809    .bss                segger_rtt.o
    0x2000cac0        -       0x0000000a   Zero   RW         6267    .bss                i2c.o
    0x2000caca   COMPRESSED   0x00000006   PAD
    0x2000cad0        -       0x00002000   Zero   RW         6395    STACK               arm_startup_nrf52.o


==============================================================================

Image component sizes


      Code (inc. data)   RO Data    RW Data    ZI Data      Debug   Object Name

       838        102         26         24         48      18398   app_button.o
        28          0          0          0          0       3805   app_error.o
       188         44          0          0          0      34257   app_error_weak.o
       170          0          0          0          0       6322   app_fifo.o
      1122        124         38         36        104      19393   app_timer2.o
       786        108         32         27         32      16810   app_uart_fifo.o
       200         24          0          0         12      11702   app_util_platform.o
        36          8        512          0       8192        948   arm_startup_nrf52.o
      1770          0          0          0          0      56328   ble_advdata.o
      1464          6          0          0          0      18295   ble_advertising.o
       936         56          8          8        288      12347   ble_conn_params.o
       486         32          8          0        124       9620   ble_conn_state.o
       108          0          0          0          0       1640   ble_link_ctx_manager.o
       790          4         32          0          0       7504   ble_nus.o
       676          6          0          0          0      41397   ble_srv_common.o
       488         40          8          0          0      16135   boards.o
      1614        124         44         21        112      16403   bsp.o
       420         16          8          8          0       6244   bsp_btn_ble.o
      1010         98          6         12          0      54033   drv_rtc.o
       316         38         32          2         10      17782   i2c.o
       412          6          6          0          0       6481   lcd_i2c.o
     10294       1716         76         56       3976     219063   main.o
       352          0          0          0          0       6157   nrf_atfifo.o
        90          0          0          0          0       3268   nrf_atflags.o
       386          0          0          0          0       8275   nrf_atomic.o
       218          0          0          0          0       3951   nrf_balloc.o
      1250        280        205          0          0      40421   nrf_ble_gatt.o
       390          0          0          0          0       6421   nrf_ble_qwr.o
       582         58         30          0         20      46682   nrf_drv_clock.o
       372         30          6         16          0      26927   nrf_drv_twi.o
       252         42          0          9          0      18024   nrf_drv_uart.o
        70          0          0          0          0       3673   nrf_fprintf.o
      1030          6         16          0          0       7346   nrf_fprintf_format.o
       176         16         22          1         64       7289   nrf_log_backend_rtt.o
       242          0          0          0          0      11101   nrf_log_backend_serial.o
        40          6         32          8          0       3409   nrf_log_default_backends.o
      2114        148         44         20       1400      32815   nrf_log_frontend.o
       626        112        102         64          0       6192   nrf_log_str_formatter.o
       514          0          0          0          0       9927   nrf_memobj.o
       172         22         53          9         12      42790   nrf_pwr_mgmt.o
        28          0          0          0          0       2427   nrf_ringbuf.o
       568         56        104          3          0      42621   nrf_sdh.o
       900        238        539          1          0       6711   nrf_sdh_ble.o
        84          4         56          0          0       2776   nrf_sdh_soc.o
       112          0          0          0          0       2916   nrf_section_iter.o
       110          0         17          0          0       4185   nrf_sortlist.o
        92         10       1319          0          0       2851   nrf_strerror.o
       528         48         14          8          0      51609   nrfx_clock.o
      1738        124         77          0         92      72566   nrfx_gpiote.o
       118         14         12          8          0       3949   nrfx_prs.o
      2026         56         80          0        120      33186   nrfx_twi.o
      1694         46         59          0         44      36141   nrfx_uart.o
      1612         46         62          0         36      31655   nrfx_uarte.o
        16          0          0          8          0       2970   retarget.o
       122          0          0          0          0       3616   ringbuffer.o
       470         44          0          0        648       8709   segger_rtt.o
       240         30          0          4          0       2973   system_nrf52.o

    ----------------------------------------------------------------------
     43552       3988       3794        372      15348    1191436   Object Totals
         0          0         32          0          0          0   (incl. Generated)
        66          0         77         19         14          0   (incl. Padding)

    ----------------------------------------------------------------------

      Code (inc. data)   RO Data    RW Data    ZI Data      Debug   Library Member Name

        56          8          0          0          0         84   __0sscanf.o
        86          0          0          0          0          0   __dczerorl2.o
        28          0          0          0          0         68   _chval.o
       812          4          0          0          0        112   _scanf.o
       332          0          0          0          0         96   _scanf_int.o
        64          0          0          0          0         84   _sgetc.o
         8          4        133          0          0         68   ctype_o.o
         0          0          0          0          0          0   entry.o
         0          0          0          0          0          0   entry10a.o
         0          0          0          0          0          0   entry11a.o
         8          4          0          0          0          0   entry2.o
         4          0          0          0          0          0   entry5.o
         0          0          0          0          0          0   entry7b.o
         0          0          0          0          0          0   entry8b.o
         8          4          0          0          0          0   entry9a.o
        30          0          0          0          0          0   handlers.o
        36          8          0          0          0         68   init.o
        18          0          0          0          0         76   isspace_o.o
        30          0          0          0          0         68   llshl.o
        32          0          0          0          0         68   llushr.o
        36          0          0          0          0         68   memcpya.o
        36          0          0          0          0        108   memseta.o
       786         62          0          0          0        336   printf5.o
        40          8          0          0          0         84   scanf_char.o
        18          0          0          0          0         68   strcpy.o
        14          0          0          0          0         68   strlen.o
        24          0          0          0          0         76   strncpy.o
        98          0          0          0          0         92   uldiv.o

    ----------------------------------------------------------------------
      2612        102        134          0          0       1692   Library Totals
         8          0          1          0          0          0   (incl. Padding)

    ----------------------------------------------------------------------

      Code (inc. data)   RO Data    RW Data    ZI Data      Debug   Library Name

      2604        102        133          0          0       1692   mc_w.l

    ----------------------------------------------------------------------
      2612        102        134          0          0       1692   Library Totals

    ----------------------------------------------------------------------

==============================================================================


      Code (inc. data)   RO Data    RW Data    ZI Data      Debug   

     46164       4090       3928        372      15348    1142880   Grand Totals
     46164       4090       3928         96      15348    1142880   ELF Image Totals (compressed)
     46164       4090       3928         96          0          0   ROM Totals

==============================================================================

    Total RO  Size (Code + RO Data)                50092 (  48.92kB)
    Total RW  Size (RW Data + ZI Data)             15720 (  15.35kB)
    Total ROM Size (Code + RO Data + RW Data)      50188 (  49.01kB)

==============================================================================

